Archive member included to satisfy reference by file (symbol)

/n64_toolchain/mips64-elf/lib/libdragon.a(entrypoint.o)
                              (_start)
/n64_toolchain/mips64-elf/lib/libdragon.a(debug.o)
                              /n64_toolchain/mips64-elf/lib/libdragon.a(entrypoint.o) (debug_assert_func)
/n64_toolchain/mips64-elf/lib/libdragon.a(usb.o)
                              /n64_toolchain/mips64-elf/lib/libdragon.a(debug.o) (usb_write)
/n64_toolchain/mips64-elf/lib/libdragon.a(cart.o)
                              /n64_toolchain/mips64-elf/lib/libdragon.a(debug.o) (cart_init)
/n64_toolchain/mips64-elf/lib/libdragon.a(ff.o)
                              /n64_toolchain/mips64-elf/lib/libdragon.a(debug.o) (f_mount)
/n64_toolchain/mips64-elf/lib/libdragon.a(ffunicode.o)
                              /n64_toolchain/mips64-elf/lib/libdragon.a(ff.o) (ff_uni2oem)
/n64_toolchain/mips64-elf/lib/libdragon.a(inspector.o)
                              /n64_toolchain/mips64-elf/lib/libdragon.a(debug.o) (__inspector_assertion)
/n64_toolchain/mips64-elf/lib/libdragon.a(dma.o)
                              /n64_toolchain/mips64-elf/lib/libdragon.a(debug.o) (io_accessible)
/n64_toolchain/mips64-elf/lib/libdragon.a(exception.o)
                              /n64_toolchain/mips64-elf/lib/libdragon.a(inspector.o) (__exception_dump_header)
/n64_toolchain/mips64-elf/lib/libdragon.a(do_ctors.o)
                              /n64_toolchain/mips64-elf/lib/libdragon.a(entrypoint.o) (__wrap___do_global_ctors)
/n64_toolchain/mips64-elf/lib/libdragon.a(n64sys.o)
                              /n64_toolchain/mips64-elf/lib/libdragon.a(debug.o) (sys_bbplayer)
/n64_toolchain/mips64-elf/lib/libdragon.a(interrupt.o)
                              /n64_toolchain/mips64-elf/lib/libdragon.a(debug.o) (disable_interrupts)
/n64_toolchain/mips64-elf/lib/libdragon.a(backtrace.o)
                              /n64_toolchain/mips64-elf/lib/libdragon.a(inspector.o) (__symbolize)
/n64_toolchain/mips64-elf/lib/libdragon.a(inthandler.o)
                              /n64_toolchain/mips64-elf/lib/libdragon.a(entrypoint.o) (inthandler)
/n64_toolchain/mips64-elf/lib/libdragon.a(rompak.o)
                              /n64_toolchain/mips64-elf/lib/libdragon.a(backtrace.o) (rompak_search_ext)
/n64_toolchain/mips64-elf/lib/libdragon.a(display.o)
                              /n64_toolchain/mips64-elf/lib/libdragon.a(inspector.o) (display_init)
/n64_toolchain/mips64-elf/lib/libdragon.a(surface.o)
                              /n64_toolchain/mips64-elf/lib/libdragon.a(display.o) (surface_alloc)
/n64_toolchain/mips64-elf/lib/libdragon.a(controller.o)
                              /n64_toolchain/mips64-elf/lib/libdragon.a(inspector.o) (controller_read)
/n64_toolchain/mips64-elf/lib/libdragon.a(graphics.o)
                              /n64_toolchain/mips64-elf/lib/libdragon.a(inspector.o) (graphics_set_color)
/n64_toolchain/mips64-elf/lib/libdragon.a(rsp.o)
                              /n64_toolchain/mips64-elf/lib/libdragon.a(display.o) (__rsp_crash)
/n64_toolchain/mips64-elf/lib/libdragon.a(rsp_crash.o)
                              /n64_toolchain/mips64-elf/lib/libdragon.a(rsp.o) (rsp_crash_data_start)
/n64_toolchain/mips64-elf/lib/libdragon.a(sprite.o)
                              /n64_toolchain/mips64-elf/lib/libdragon.a(graphics.o) (__sprite_upgrade)
/n64_toolchain/mips64-elf/lib/libdragon.a(rdpq_debug.o)
                              /n64_toolchain/mips64-elf/lib/libdragon.a(rsp.o) (rdpq_trace)
/n64_toolchain/mips64-elf/lib/libdragon.a(rdpq_rect.o)
                              /n64_toolchain/mips64-elf/lib/libdragon.a(rdpq_debug.o) (__rdpq_texture_rectangle)
/n64_toolchain/mips64-elf/lib/libdragon.a(rdpq_mode.o)
                              /n64_toolchain/mips64-elf/lib/libdragon.a(rdpq_debug.o) (rdpq_mode_push)
/n64_toolchain/mips64-elf/lib/libdragon.a(rdpq_attach.o)
                              /n64_toolchain/mips64-elf/lib/libdragon.a(rdpq_debug.o) (rdpq_attach)
/n64_toolchain/mips64-elf/lib/libdragon.a(console.o)
                              /n64_toolchain/mips64-elf/lib/libdragon.a(rsp.o) (console_set_render_mode)
/n64_toolchain/mips64-elf/lib/libdragon.a(asset.o)
                              /n64_toolchain/mips64-elf/lib/libdragon.a(sprite.o) (asset_load)
/n64_toolchain/mips64-elf/lib/libdragon.a(lz4_dec.o)
                              /n64_toolchain/mips64-elf/lib/libdragon.a(asset.o) (decompress_lz4_full_inplace)
/n64_toolchain/mips64-elf/lib/libdragon.a(lz4_dec_fast.o)
                              /n64_toolchain/mips64-elf/lib/libdragon.a(lz4_dec.o) (decompress_lz4_full_fast)
/n64_toolchain/mips64-elf/lib/libdragon.a(ringbuf.o)
                              /n64_toolchain/mips64-elf/lib/libdragon.a(lz4_dec.o) (__ringbuf_init)
/n64_toolchain/mips64-elf/lib/libdragon.a(aplib_dec.o)
                              /n64_toolchain/mips64-elf/lib/libdragon.a(asset.o) (decompress_aplib_init)
[...]
Memory Configuration

Name             Origin             Length             Attributes
mem              0x80000000         0x00400000
*default*        0x00000000         0xffffffff

Linker script and memory map

LOAD /n64_toolchain/lib/gcc/mips64-elf/14.1.0/crti.o
LOAD /n64_toolchain/lib/gcc/mips64-elf/14.1.0/crtbegin.o
LOAD /n64_toolchain/mips64-elf/lib/libdragon.a
LOAD /n64_toolchain/mips64-elf/lib/libdragonsys.a
LOAD build/main.o
LOAD build/game.o
LOAD /n64_toolchain/lib/gcc/mips64-elf/14.1.0/../../../../mips64-elf/lib/libdragon.a
LOAD /n64_toolchain/lib/gcc/mips64-elf/14.1.0/../../../../mips64-elf/lib/libm.a
LOAD /n64_toolchain/lib/gcc/mips64-elf/14.1.0/../../../../mips64-elf/lib/libdragonsys.a
                0x80000000                        __kseg0_start = 0x80000000
                0x80000400                        __libdragon_text_start = (__kseg0_start + 0x400)

.text           0x80000400    0x28370
 *(.boot)
 .boot          0x80000400      0x18c /n64_toolchain/mips64-elf/lib/libdragon.a(entrypoint.o)
                0x80000400                _start
                0x80000590                        . = ALIGN (0x10)
 *fill*         0x8000058c        0x4 
                0x80000590                        __text_start = .
 *(.text)
 *fill*         0x80000590       0x10 
 .text          0x800005a0      0x380 /n64_toolchain/mips64-elf/lib/libdragon.a(inthandler.o)
                0x800005a0                inthandler
                0x80000920                inthandler_end
 .text          0x80000920     0x28b8 /n64_toolchain/lib/gcc/mips64-elf/14.1.0/../../../../mips64-elf/lib/libc.a(libc_a-vfprintf.o)
                0x80000920                _vfprintf_r
                0x800030f0                vfprintf
 .text          0x800031d8      0x370 /n64_toolchain/lib/gcc/mips64-elf/14.1.0/../../../../mips64-elf/lib/libc.a(libc_a-memcpy.o)
                0x800031d8                memcpy
 .text          0x80003548       0x10 /n64_toolchain/lib/gcc/mips64-elf/14.1.0/../../../../mips64-elf/lib/libc.a(libc_a-lcltime.o)
                0x80003548                localtime
 .text          0x80003558      0x188 /n64_toolchain/lib/gcc/mips64-elf/14.1.0/../../../../mips64-elf/lib/libc.a(libc_a-strchr.o)
                0x80003558                strchr
 .text          0x800036e0      0xbb8 /n64_toolchain/lib/gcc/mips64-elf/14.1.0/../../../../mips64-elf/lib/libc.a(libc_a-strstr.o)
                0x80003f98                strstr
 .text          0x80004298       0x30 /n64_toolchain/lib/gcc/mips64-elf/14.1.0/../../../../mips64-elf/lib/libc.a(libc_a-vprintf.o)
                0x80004298                vprintf
                0x800042b0                _vprintf_r
 .text          0x800042c8      0x338 /n64_toolchain/lib/gcc/mips64-elf/14.1.0/../../../../mips64-elf/lib/libc.a(libc_a-fflush.o)
                0x800042c8                __sflush_r
                0x80004520                _fflush_r
                0x80004580                fflush
 .text          0x80004600      0x278 /n64_toolchain/lib/gcc/mips64-elf/14.1.0/../../../../mips64-elf/lib/libc.a(libc_a-setvbuf.o)
                0x80004600                setvbuf
 .text          0x80004878       0xc8 /n64_toolchain/lib/gcc/mips64-elf/14.1.0/../../../../mips64-elf/lib/libc.a(libc_a-strncmp.o)
                0x80004878                strncmp
 .text          0x80004940      0x168 /n64_toolchain/lib/gcc/mips64-elf/14.1.0/../../../../mips64-elf/lib/libc.a(libc_a-memmove.o)
                0x80004940                memmove
 .text          0x80004aa8       0x18 /n64_toolchain/lib/gcc/mips64-elf/14.1.0/../../../../mips64-elf/lib/libc.a(libc_a-calloc.o)
                0x80004aa8                calloc
 .text          0x80004ac0        0x8 /n64_toolchain/lib/gcc/mips64-elf/14.1.0/../../../../mips64-elf/lib/libc.a(libc_a-errno.o)
                0x80004ac0                __errno
 .text          0x80004ac8       0x18 /n64_toolchain/lib/gcc/mips64-elf/14.1.0/../../../../mips64-elf/lib/libc.a(libc_a-abort.o)
                0x80004ac8                abort
 .text          0x80004ae0      0x120 /n64_toolchain/lib/gcc/mips64-elf/14.1.0/../../../../mips64-elf/lib/libc.a(libc_a-callocr.o)
                0x80004ae0                _calloc_r
 .text          0x80004c00       0xd0 /n64_toolchain/lib/gcc/mips64-elf/14.1.0/../../../../mips64-elf/lib/libc.a(libc_a-fputc.o)
                0x80004c00                _fputc_r
                0x80004c60                fputc
 .text          0x80004cd0      0x11c /n64_toolchain/lib/gcc/mips64-elf/14.1.0/../../../../mips64-elf/lib/libc.a(libc_a-memset.o)
                0x80004cd0                memset
 *fill*         0x80004dec        0x4 
 .text          0x80004df0      0x8c8 /n64_toolchain/lib/gcc/mips64-elf/14.1.0/../../../../mips64-elf/lib/libc.a(libc_a-mallocr.o)
                0x80004df0                _malloc_r
 .text          0x800056b8       0x20 /n64_toolchain/lib/gcc/mips64-elf/14.1.0/../../../../mips64-elf/lib/libc.a(libc_a-putchar.o)
                0x800056b8                _putchar_r
                0x800056c0                putchar
 .text          0x800056d8       0x98 /n64_toolchain/lib/gcc/mips64-elf/14.1.0/../../../../mips64-elf/lib/libc.a(libc_a-strcat.o)
                0x800056d8                strcat
 .text          0x80005770     0x1810 /n64_toolchain/lib/gcc/mips64-elf/14.1.0/../../../../mips64-elf/lib/libc.a(libc_a-dtoa.o)
                0x800059c0                _dtoa_r
 .text          0x80006f80      0x1e0 /n64_toolchain/lib/gcc/mips64-elf/14.1.0/../../../../mips64-elf/lib/libc.a(libc_a-wsetup.o)
                0x80006f80                __swsetup_r
 .text          0x80007160      0x470 /n64_toolchain/lib/gcc/mips64-elf/14.1.0/../../../../mips64-elf/lib/libc.a(libc_a-freer.o)
                0x80007160                _malloc_trim_r
                0x800072a0                _free_r
 .text          0x800075d0       0x20 /n64_toolchain/lib/gcc/mips64-elf/14.1.0/../../../../mips64-elf/lib/libc.a(libc_a-fseek.o)
                0x800075d0                _fseek_r
                0x800075d8                fseek
 .text          0x800075f0       0x80 /n64_toolchain/lib/gcc/mips64-elf/14.1.0/../../../../mips64-elf/lib/libc.a(libc_a-memcmp.o)
                0x800075f0                memcmp
 .text          0x80007670      0x140 /n64_toolchain/lib/gcc/mips64-elf/14.1.0/../../../../mips64-elf/lib/libc.a(libc_a-fclose.o)
                0x80007670                _fclose_r
                0x800077a0                fclose
 .text          0x800077b0       0x70 /n64_toolchain/lib/gcc/mips64-elf/14.1.0/../../../../mips64-elf/lib/libc.a(libc_a-strrchr.o)
                0x800077b0                strrchr
 .text          0x80007820      0x4c8 /n64_toolchain/lib/gcc/mips64-elf/14.1.0/../../../../mips64-elf/lib/libc.a(libc_a-fseeko.o)
                0x80007820                _fseeko_r
                0x80007cd0                fseeko
 .text          0x80007ce8      0x1c8 /n64_toolchain/lib/gcc/mips64-elf/14.1.0/../../../../mips64-elf/lib/libc.a(libc_a-snprintf.o)
                0x80007ce8                _snprintf_r
                0x80007dc8                snprintf
 .text          0x80007eb0       0xa8 /n64_toolchain/lib/gcc/mips64-elf/14.1.0/../../../../mips64-elf/lib/libc.a(libc_a-strcpy.o)
                0x80007eb0                strcpy
 .text          0x80007f58       0x20 /n64_toolchain/lib/gcc/mips64-elf/14.1.0/../../../../mips64-elf/lib/libc.a(libc_a-malloc.o)
                0x80007f58                malloc
                0x80007f68                free
 .text          0x80007f78      0x160 /n64_toolchain/lib/gcc/mips64-elf/14.1.0/../../../../mips64-elf/lib/libc.a(libc_a-putc.o)
                0x80007f78                _putc_r
                0x80008020                putc
 .text          0x800080d8      0x190 /n64_toolchain/lib/gcc/mips64-elf/14.1.0/../../../../mips64-elf/lib/libc.a(libc_a-stdio.o)
                0x800080d8                __sread
                0x80008130                __seofread
                0x80008138                __swrite
                0x800081f8                __sseek
                0x80008260                __sclose
 .text          0x80008268       0x68 /n64_toolchain/lib/gcc/mips64-elf/14.1.0/../../../../mips64-elf/lib/libc.a(libc_a-fprintf.o)
                0x80008268                _fprintf_r
                0x80008290                fprintf
 .text          0x800082d0       0x50 /n64_toolchain/lib/gcc/mips64-elf/14.1.0/../../../../mips64-elf/lib/libc.a(libc_a-strlcpy.o)
                0x800082d0                strlcpy
 .text          0x80008320      0x240 /n64_toolchain/lib/gcc/mips64-elf/14.1.0/../../../../mips64-elf/lib/libc.a(libc_a-strcmp.o)
                0x80008320                strcmp
 .text          0x80008560      0x200 /n64_toolchain/lib/gcc/mips64-elf/14.1.0/../../../../mips64-elf/lib/libc.a(libc_a-refill.o)
                0x80008588                __srefill_r
 .text          0x80008760      0x1d0 /n64_toolchain/lib/gcc/mips64-elf/14.1.0/../../../../mips64-elf/lib/libc.a(libc_a-wbuf.o)
                0x80008760                __swbuf_r
                0x80008918                __swbuf
 .text          0x80008930      0x600 /n64_toolchain/lib/gcc/mips64-elf/14.1.0/../../../../mips64-elf/lib/libc.a(libc_a-reallocr.o)
                0x80008930                _realloc_r
 .text          0x80008f30       0x60 /n64_toolchain/lib/gcc/mips64-elf/14.1.0/../../../../mips64-elf/lib/libc.a(libc_a-writer.o)
                0x80008f30                _write_r
 .text          0x80008f90       0x58 /n64_toolchain/lib/gcc/mips64-elf/14.1.0/../../../../mips64-elf/lib/libc.a(libc_a-fstatr.o)
                0x80008f90                _fstat_r
 .text          0x80008fe8      0x258 /n64_toolchain/lib/gcc/mips64-elf/14.1.0/../../../../mips64-elf/lib/libc.a(libc_a-fwrite.o)
                0x80008fe8                _fwrite_r
                0x80009120                fwrite
 .text          0x80009240       0x10 /n64_toolchain/lib/gcc/mips64-elf/14.1.0/../../../../mips64-elf/lib/libc.a(libc_a-mlock.o)
                0x80009240                __malloc_lock
                0x80009248                __malloc_unlock
 .text          0x80009250      0x3a8 /n64_toolchain/lib/gcc/mips64-elf/14.1.0/../../../../mips64-elf/lib/libc.a(libc_a-findfp.o)
                0x80009448                __sfp
                0x80009588                __sinit
                0x800095b8                __sfp_lock_acquire
                0x800095c0                __sfp_lock_release
                0x800095c8                __fp_lock_all
                0x800095e0                __fp_unlock_all
 .text          0x800095f8       0xf0 /n64_toolchain/lib/gcc/mips64-elf/14.1.0/../../../../mips64-elf/lib/libc.a(libc_a-puts.o)
                0x800095f8                _puts_r
                0x800096d8                puts
 .text          0x800096e8      0x508 /n64_toolchain/lib/gcc/mips64-elf/14.1.0/../../../../mips64-elf/lib/libc.a(libc_a-fvwrite.o)
                0x800096e8                __sfvwrite_r
 .text          0x80009bf0       0xf0 /n64_toolchain/lib/gcc/mips64-elf/14.1.0/../../../../mips64-elf/lib/libc.a(libc_a-memchr.o)
                0x80009bf0                memchr
 .text          0x80009ce0      0x4b0 /n64_toolchain/lib/gcc/mips64-elf/14.1.0/../../../../mips64-elf/lib/libc.a(libc_a-lcltime_r.o)
                0x80009ce0                localtime_r
 .text          0x8000a190       0xe0 /n64_toolchain/lib/gcc/mips64-elf/14.1.0/../../../../mips64-elf/lib/libc.a(libc_a-sprintf.o)
                0x8000a190                _sprintf_r
                0x8000a1f8                sprintf
 .text          0x8000a270       0x40 /n64_toolchain/lib/gcc/mips64-elf/14.1.0/../../../../mips64-elf/lib/libc.a(libc_a-strnlen.o)
                0x8000a270                strnlen
 .text          0x8000a2b0       0x78 /n64_toolchain/lib/gcc/mips64-elf/14.1.0/../../../../mips64-elf/lib/libc.a(libc_a-printf.o)
                0x8000a2b0                _printf_r
                0x8000a2e8                printf
 .text          0x8000a328       0x50 /n64_toolchain/lib/gcc/mips64-elf/14.1.0/../../../../mips64-elf/lib/libc.a(libc_a-sbrkr.o)
                0x8000a328                _sbrk_r
 .text          0x8000a378      0x158 /n64_toolchain/lib/gcc/mips64-elf/14.1.0/../../../../mips64-elf/lib/libc.a(libc_a-fopen.o)
                0x8000a378                _fopen_r
                0x8000a4b8                fopen
 .text          0x8000a4d0       0x50 /n64_toolchain/lib/gcc/mips64-elf/14.1.0/../../../../mips64-elf/lib/libc.a(libc_a-time.o)
                0x8000a4d0                time
 .text          0x8000a520       0x50 /n64_toolchain/lib/gcc/mips64-elf/14.1.0/../../../../mips64-elf/lib/libc.a(libc_a-closer.o)
                0x8000a520                _close_r
 .text          0x8000a570       0x18 /n64_toolchain/lib/gcc/mips64-elf/14.1.0/../../../../mips64-elf/lib/libc.a(libc_a-strlen.o)
                0x8000a570                strlen
 .text          0x8000a588       0x18 /n64_toolchain/lib/gcc/mips64-elf/14.1.0/../../../../mips64-elf/lib/libc.a(libc_a-malign.o)
                0x8000a588                memalign
 .text          0x8000a5a0      0x598 /n64_toolchain/lib/gcc/mips64-elf/14.1.0/../../../../mips64-elf/lib/libc.a(libc_a-signal.o)
                0x8000a5a0                _init_signal_r
                0x8000a608                _signal_r
                0x8000a6b8                _raise_r
                0x8000a770                __sigtramp_r
                0x8000a860                raise
                0x8000a928                signal
                0x8000a9e0                _init_signal
                0x8000aa50                __sigtramp
 .text          0x8000ab38       0x60 /n64_toolchain/lib/gcc/mips64-elf/14.1.0/../../../../mips64-elf/lib/libc.a(libc_a-openr.o)
                0x8000ab38                _open_r
 .text          0x8000ab98       0x40 /n64_toolchain/lib/gcc/mips64-elf/14.1.0/../../../../mips64-elf/lib/libc.a(libc_a-sprint_r.o)
                0x8000ab98                __sprint_r
 .text          0x8000abd8     0x1480 /n64_toolchain/lib/gcc/mips64-elf/14.1.0/../../../../mips64-elf/lib/libc.a(libc_a-mprec.o)
                0x8000abd8                _Balloc
                0x8000ac88                _Bfree
                0x8000acb8                __multadd
                0x8000ae10                __s2b
                0x8000af90                __hi0bits
                0x8000b038                __lo0bits
                0x8000b150                __i2b
                0x8000b228                __multiply
                0x8000b4b0                __pow5mult
                0x8000b618                __lshift
                0x8000b7d0                __mcmp
                0x8000b838                __mdiff
                0x8000bab0                __ulp
                0x8000bb60                __b2d
                0x8000bcf8                __d2b
                0x8000be50                __ratio
                0x8000bf10                _mprec_log10
                0x8000bf50                __copybits
                0x8000bfd8                __any_on
 .text          0x8000c058       0xc0 /n64_toolchain/lib/gcc/mips64-elf/14.1.0/../../../../mips64-elf/lib/libc.a(libc_a-fwalk.o)
                0x8000c058                _fwalk_sglue
 .text          0x8000c118       0x28 /n64_toolchain/lib/gcc/mips64-elf/14.1.0/../../../../mips64-elf/lib/libc.a(libc_a-localeconv.o)
                0x8000c118                __localeconv_l
                0x8000c120                _localeconv_r
                0x8000c130                localeconv
 .text          0x8000c140      0x230 /n64_toolchain/lib/gcc/mips64-elf/14.1.0/../../../../mips64-elf/lib/libc.a(libc_a-makebuf.o)
                0x8000c140                __smakebuf_r
                0x8000c2c0                __swhatbuf_r
 .text          0x8000c370      0x120 /n64_toolchain/lib/gcc/mips64-elf/14.1.0/../../../../mips64-elf/lib/libc.a(libc_a-locale.o)
                0x8000c370                _setlocale_r
                0x8000c3f8                __locale_mb_cur_max
                0x8000c408                setlocale
 .text          0x8000c490     0x2718 /n64_toolchain/lib/gcc/mips64-elf/14.1.0/../../../../mips64-elf/lib/libc.a(libc_a-svfprintf.o)
                0x8000c490                _svfprintf_r
 .text          0x8000eba8       0x60 /n64_toolchain/lib/gcc/mips64-elf/14.1.0/../../../../mips64-elf/lib/libc.a(libc_a-signalr.o)
                0x8000eba8                _kill_r
                0x8000ec00                _getpid_r
 .text          0x8000ec08       0x70 /n64_toolchain/lib/gcc/mips64-elf/14.1.0/../../../../mips64-elf/lib/libc.a(libc_a-mbtowc_r.o)
                0x8000ec08                _mbtowc_r
                0x8000ec18                __ascii_mbtowc
 .text          0x8000ec78       0x60 /n64_toolchain/lib/gcc/mips64-elf/14.1.0/../../../../mips64-elf/lib/libc.a(libc_a-readr.o)
                0x8000ec78                _read_r
 .text          0x8000ecd8      0x200 /n64_toolchain/lib/gcc/mips64-elf/14.1.0/../../../../mips64-elf/lib/libc.a(libc_a-malignr.o)
                0x8000ecd8                _memalign_r
 .text          0x8000eed8       0x58 /n64_toolchain/lib/gcc/mips64-elf/14.1.0/../../../../mips64-elf/lib/libc.a(libc_a-gettimeofdayr.o)
                0x8000eed8                _gettimeofday_r
 .text          0x8000ef30       0xc8 /n64_toolchain/lib/gcc/mips64-elf/14.1.0/../../../../mips64-elf/lib/libc.a(libc_a-flags.o)
                0x8000ef30                __sflags
 .text          0x8000eff8       0x30 /n64_toolchain/lib/gcc/mips64-elf/14.1.0/../../../../mips64-elf/lib/libc.a(libc_a-tzset.o)
                0x8000eff8                _tzset_unlocked
                0x8000f000                tzset
 .text          0x8000f028       0x10 /n64_toolchain/lib/gcc/mips64-elf/14.1.0/../../../../mips64-elf/lib/libc.a(libc_a-gettzinfo.o)
                0x8000f028                __gettzinfo
 .text          0x8000f038       0x48 /n64_toolchain/lib/gcc/mips64-elf/14.1.0/../../../../mips64-elf/lib/libc.a(libc_a-wctomb_r.o)
                0x8000f038                _wctomb_r
                0x8000f048                __ascii_wctomb
 .text          0x8000f080       0x60 /n64_toolchain/lib/gcc/mips64-elf/14.1.0/../../../../mips64-elf/lib/libc.a(libc_a-lseekr.o)
                0x8000f080                _lseek_r
 .text          0x8000f0e0      0x330 /n64_toolchain/lib/gcc/mips64-elf/14.1.0/../../../../mips64-elf/lib/libc.a(libc_a-tzcalc_limits.o)
                0x8000f0e0                __tzcalc_limits
 .text          0x8000f410      0x438 /n64_toolchain/lib/gcc/mips64-elf/14.1.0/../../../../mips64-elf/lib/libc.a(libc_a-gmtime_r.o)
                0x8000f410                gmtime_r
 .text          0x8000f848       0x50 /n64_toolchain/lib/gcc/mips64-elf/14.1.0/../../../../mips64-elf/lib/libc.a(libc_a-isattyr.o)
                0x8000f848                _isatty_r
 .text          0x8000f898       0x10 /n64_toolchain/lib/gcc/mips64-elf/14.1.0/../../../../mips64-elf/lib/libc.a(libc_a-tzlock.o)
                0x8000f898                __tz_lock
                0x8000f8a0                __tz_unlock
 .text          0x8000f8a8       0xc8 /n64_toolchain/lib/gcc/mips64-elf/14.1.0/../../../../mips64-elf/lib/libc.a(libc_a-ssprint_r.o)
                0x8000f8a8                __ssprint_r
 .text          0x8000f970      0x6f8 /n64_toolchain/lib/gcc/mips64-elf/14.1.0/../../../../mips64-elf/lib/libc.a(libc_a-tzset_r.o)
                0x8000f970                _tzset_unlocked_r
                0x80010038                _tzset_r
 .text          0x80010068      0x188 /n64_toolchain/lib/gcc/mips64-elf/14.1.0/../../../../mips64-elf/lib/libc.a(libc_a-ssputs_r.o)
                0x80010068                __ssputs_r
 .text          0x800101f0      0x150 /n64_toolchain/lib/gcc/mips64-elf/14.1.0/../../../../mips64-elf/lib/libc.a(libc_a-getenv_r.o)
                0x800101f0                _findenv_r
                0x80010320                _getenv_r
 .text          0x80010340      0x108 /n64_toolchain/lib/gcc/mips64-elf/14.1.0/../../../../mips64-elf/lib/libc.a(libc_a-siscanf.o)
                0x80010340                siscanf
                0x800103c0                _siscanf_r
 .text          0x80010448       0x10 /n64_toolchain/lib/gcc/mips64-elf/14.1.0/../../../../mips64-elf/lib/libc.a(libc_a-envlock.o)
                0x80010448                __env_lock
                0x80010450                __env_unlock
 .text          0x80010458      0x250 /n64_toolchain/lib/gcc/mips64-elf/14.1.0/../../../../mips64-elf/lib/libc.a(libc_a-strtoul.o)
                0x80010670                _strtoul_r
                0x80010678                strtoul_l
                0x80010690                strtoul
 .text          0x800106a8     0x19a8 /n64_toolchain/lib/gcc/mips64-elf/14.1.0/../../../../mips64-elf/lib/libc.a(libc_a-svfiscanf.o)
                0x800106a8                _sungetc_r
                0x800107c8                __ssrefill_r
                0x80010840                _sfread_r
                0x800109d8                __ssvfiscanf_r
 .text          0x80012050      0x298 /n64_toolchain/lib/gcc/mips64-elf/14.1.0/../../../../mips64-elf/lib/libc.a(libc_a-ungetc.o)
                0x80012050                __submore
                0x80012120                _ungetc_r
                0x800122d0                ungetc
 .text          0x800122e8      0x258 /n64_toolchain/lib/gcc/mips64-elf/14.1.0/../../../../mips64-elf/lib/libc.a(libc_a-strtoll.o)
                0x80012508                _strtoll_r
                0x80012510                strtoll_l
                0x80012528                strtoll
 .text          0x80012540      0x100 /n64_toolchain/lib/gcc/mips64-elf/14.1.0/../../../../mips64-elf/lib/libc.a(libc_a-sccl.o)
                0x80012540                __sccl
 .text          0x80012640      0x270 /n64_toolchain/lib/gcc/mips64-elf/14.1.0/../../../../mips64-elf/lib/libc.a(libc_a-strtoull.o)
                0x80012878                _strtoull_r
                0x80012880                strtoull_l
                0x80012898                strtoull
 .text          0x800128b0      0x278 /n64_toolchain/lib/gcc/mips64-elf/14.1.0/../../../../mips64-elf/lib/libc.a(libc_a-strtol.o)
                0x80012af0                _strtol_r
                0x80012af8                strtol_l
                0x80012b10                strtol
 .text          0x80012b28        0x8 /n64_toolchain/lib/gcc/mips64-elf/14.1.0/../../../../mips64-elf/lib/libc.a(libc_a-iswspace.o)
                0x80012b28                iswspace
 .text          0x80012b30      0x128 /n64_toolchain/lib/gcc/mips64-elf/14.1.0/../../../../mips64-elf/lib/libc.a(libc_a-mbrtowc.o)
                0x80012b30                _mbrtowc_r
                0x80012bc0                mbrtowc
 .text          0x80012c58       0x28 /n64_toolchain/lib/gcc/mips64-elf/14.1.0/../../../../mips64-elf/lib/libc.a(libc_a-iswspace_l.o)
                0x80012c58                iswspace_l
 *(.text.*)
 .text.isviewer_write
                0x80012c80       0x80 /n64_toolchain/mips64-elf/lib/libdragon.a(debug.o)
 .text.fat_disk_status_default
                0x80012d00       0x20 /n64_toolchain/mips64-elf/lib/libdragon.a(debug.o)
 .text.fat_disk_ioctl_default
                0x80012d20       0x20 /n64_toolchain/mips64-elf/lib/libdragon.a(debug.o)
 .text.__stderr_write
                0x80012d40       0x80 /n64_toolchain/mips64-elf/lib/libdragon.a(debug.o)
 .text.usblog_write
                0x80012dc0       0x20 /n64_toolchain/mips64-elf/lib/libdragon.a(debug.o)
 .text.__fat_fstat
                0x80012de0       0x80 /n64_toolchain/mips64-elf/lib/libdragon.a(debug.o)
 .text.fat_disk_write_sd
                0x80012e60       0x20 /n64_toolchain/mips64-elf/lib/libdragon.a(debug.o)
 .text.fat_disk_read_sdram_sd
                0x80012e80       0x40 /n64_toolchain/mips64-elf/lib/libdragon.a(debug.o)
 .text.fat_disk_read_sd
                0x80012ec0       0x20 /n64_toolchain/mips64-elf/lib/libdragon.a(debug.o)
 .text.fat_disk_initialize_sd
                0x80012ee0       0x20 /n64_toolchain/mips64-elf/lib/libdragon.a(debug.o)
 .text.cb.0     0x80012f00       0xa0 /n64_toolchain/mips64-elf/lib/libdragon.a(debug.o)
 .text.sdlog_write
                0x80012fa0       0x40 /n64_toolchain/mips64-elf/lib/libdragon.a(debug.o)
 .text.disk_initialize
                0x80012fe0       0x40 /n64_toolchain/mips64-elf/lib/libdragon.a(debug.o)
                0x80012fe0                disk_initialize
 .text.disk_status
                0x80013020       0x40 /n64_toolchain/mips64-elf/lib/libdragon.a(debug.o)
                0x80013020                disk_status
 .text.disk_read
                0x80013060       0xe0 /n64_toolchain/mips64-elf/lib/libdragon.a(debug.o)
                0x80013060                disk_read
 .text.disk_write
                0x80013140       0x40 /n64_toolchain/mips64-elf/lib/libdragon.a(debug.o)
                0x80013140                disk_write
 .text.disk_ioctl
                0x80013180       0x40 /n64_toolchain/mips64-elf/lib/libdragon.a(debug.o)
                0x80013180                disk_ioctl
 .text.get_fattime
                0x800131c0       0xa0 /n64_toolchain/mips64-elf/lib/libdragon.a(debug.o)
                0x800131c0                get_fattime
 .text.debug_init_usblog
                0x80013260       0xe0 /n64_toolchain/mips64-elf/lib/libdragon.a(debug.o)
                0x80013260                debug_init_usblog
 .text.debug_init_isviewer
                0x80013340       0xc0 /n64_toolchain/mips64-elf/lib/libdragon.a(debug.o)
                0x80013340                debug_init_isviewer
 .text.debug_init_sdlog
                0x80013400       0xa0 /n64_toolchain/mips64-elf/lib/libdragon.a(debug.o)
                0x80013400                debug_init_sdlog
 .text.debug_init_sdfs
                0x800134a0      0x160 /n64_toolchain/mips64-elf/lib/libdragon.a(debug.o)
                0x800134a0                debug_init_sdfs
 .text.debug_assert_func_f
                0x80013600       0xe0 /n64_toolchain/mips64-elf/lib/libdragon.a(debug.o)
                0x80013600                debug_assert_func_f
 .text.__fresult_set_errno
                0x800136e0      0x180 /n64_toolchain/mips64-elf/lib/libdragon.a(debug.o)
 .text.__fat_findnext
                0x80013860       0xc0 /n64_toolchain/mips64-elf/lib/libdragon.a(debug.o)
 .text.__fat_findfirst
                0x80013920       0x60 /n64_toolchain/mips64-elf/lib/libdragon.a(debug.o)
 .text.__fat_unlink
                0x80013980       0x40 /n64_toolchain/mips64-elf/lib/libdragon.a(debug.o)
 .text.__fat_close
                0x800139c0       0x40 /n64_toolchain/mips64-elf/lib/libdragon.a(debug.o)
 .text.__fat_write
                0x80013a00       0x40 /n64_toolchain/mips64-elf/lib/libdragon.a(debug.o)
 .text.__fat_read
                0x80013a40       0x40 /n64_toolchain/mips64-elf/lib/libdragon.a(debug.o)
 .text.__fat_lseek
                0x80013a80       0xa0 /n64_toolchain/mips64-elf/lib/libdragon.a(debug.o)
 .text.__fat_open
                0x80013b20      0x120 /n64_toolchain/mips64-elf/lib/libdragon.a(debug.o)
 .text.debug_assert_func
                0x80013c40       0x20 /n64_toolchain/mips64-elf/lib/libdragon.a(debug.o)
                0x80013c40                debug_assert_func
 .text.debug_hexdump
                0x80013c60      0x280 /n64_toolchain/mips64-elf/lib/libdragon.a(debug.o)
                0x80013c60                debug_hexdump
 .text.__debug_backtrace
                0x80013ee0      0x100 /n64_toolchain/mips64-elf/lib/libdragon.a(debug.o)
                0x80013ee0                __debug_backtrace
 .text.debug_backtrace
                0x80013fe0       0x20 /n64_toolchain/mips64-elf/lib/libdragon.a(debug.o)
                0x80013fe0                debug_backtrace
 .text.usb_64drive_read
                0x80014000       0x60 /n64_toolchain/mips64-elf/lib/libdragon.a(usb.o)
 .text.usb_64drive_poll
                0x80014060      0x1a0 /n64_toolchain/mips64-elf/lib/libdragon.a(usb.o)
 .text.usb_everdrive_usbbusy
                0x80014200       0xe0 /n64_toolchain/mips64-elf/lib/libdragon.a(usb.o)
 .text.usb_everdrive_readusb
                0x800142e0       0xc0 /n64_toolchain/mips64-elf/lib/libdragon.a(usb.o)
 .text.usb_everdrive_poll
                0x800143a0      0x200 /n64_toolchain/mips64-elf/lib/libdragon.a(usb.o)
 .text.usb_everdrive_write
                0x800145a0      0x1c0 /n64_toolchain/mips64-elf/lib/libdragon.a(usb.o)
 .text.usb_everdrive_read
                0x80014760       0x60 /n64_toolchain/mips64-elf/lib/libdragon.a(usb.o)
 .text.usb_sc64_read
                0x800147c0       0x60 /n64_toolchain/mips64-elf/lib/libdragon.a(usb.o)
 .text.usb_sc64_poll
                0x80014820      0x160 /n64_toolchain/mips64-elf/lib/libdragon.a(usb.o)
 .text.usb_write
                0x80014980       0x40 /n64_toolchain/mips64-elf/lib/libdragon.a(usb.o)
                0x80014980                usb_write
 .text.usb_sendheartbeat
                0x800149c0       0x60 /n64_toolchain/mips64-elf/lib/libdragon.a(usb.o)
                0x800149c0                usb_sendheartbeat
 .text.usb_initialize
                0x80014a20      0x1c0 /n64_toolchain/mips64-elf/lib/libdragon.a(usb.o)
                0x80014a20                usb_initialize
 .text.usb_64drive_wait
                0x80014be0       0xc0 /n64_toolchain/mips64-elf/lib/libdragon.a(usb.o)
                0x80014be0                usb_64drive_wait
 .text.usb_64drive_write
                0x80014ca0      0x240 /n64_toolchain/mips64-elf/lib/libdragon.a(usb.o)
 .text.usb_sc64_execute_cmd
                0x80014ee0       0xc0 /n64_toolchain/mips64-elf/lib/libdragon.a(usb.o)
                0x80014ee0                usb_sc64_execute_cmd
 .text.usb_sc64_write
                0x80014fa0      0x2a0 /n64_toolchain/mips64-elf/lib/libdragon.a(usb.o)
 .text.__cart_acs_get
                0x80015240       0xe0 /n64_toolchain/mips64-elf/lib/libdragon.a(cart.o)
 .text.__cart_acs_rel
                0x80015320       0x80 /n64_toolchain/mips64-elf/lib/libdragon.a(cart.o)
 .text.ci_card_init
                0x800153a0       0x20 /n64_toolchain/mips64-elf/lib/libdragon.a(cart.o)
                0x800153a0                ci_card_init
 .text.edx_init
                0x800153c0       0x80 /n64_toolchain/mips64-elf/lib/libdragon.a(cart.o)
                0x800153c0                edx_init
 .text.__edx_sd_mode
                0x80015440       0xc0 /n64_toolchain/mips64-elf/lib/libdragon.a(cart.o)
 .text.ed_init  0x80015500       0xe0 /n64_toolchain/mips64-elf/lib/libdragon.a(cart.o)
                0x80015500                ed_init
 .text.__edx_sd_cmd
                0x800155e0      0x280 /n64_toolchain/mips64-elf/lib/libdragon.a(cart.o)
 .text.edx_card_init
                0x80015860      0x260 /n64_toolchain/mips64-elf/lib/libdragon.a(cart.o)
                0x80015860                edx_card_init
 .text.__sd_crc16.constprop.0
                0x80015ac0      0x420 /n64_toolchain/mips64-elf/lib/libdragon.a(cart.o)
 .text.__edx_sd_close
                0x80015ee0       0xe0 /n64_toolchain/mips64-elf/lib/libdragon.a(cart.o)
 .text.edx_card_rd_cart
                0x80015fc0      0x160 /n64_toolchain/mips64-elf/lib/libdragon.a(cart.o)
                0x80015fc0                edx_card_rd_cart
 .text.edx_card_rd_dram
                0x80016120      0x240 /n64_toolchain/mips64-elf/lib/libdragon.a(cart.o)
                0x80016120                edx_card_rd_dram
 .text.edx_card_wr_dram
                0x80016360      0x2a0 /n64_toolchain/mips64-elf/lib/libdragon.a(cart.o)
                0x80016360                edx_card_wr_dram
 .text.ci_init  0x80016600      0x100 /n64_toolchain/mips64-elf/lib/libdragon.a(cart.o)
                0x80016600                ci_init
 .text.sc_card_init
                0x80016700       0xa0 /n64_toolchain/mips64-elf/lib/libdragon.a(cart.o)
                0x80016700                sc_card_init
 .text.sc_init  0x800167a0      0x1a0 /n64_toolchain/mips64-elf/lib/libdragon.a(cart.o)
                0x800167a0                sc_init
 .text.sc_card_rd_dram
                0x80016940      0x260 /n64_toolchain/mips64-elf/lib/libdragon.a(cart.o)
                0x80016940                sc_card_rd_dram
 .text.sc_card_wr_dram
                0x80016ba0      0x260 /n64_toolchain/mips64-elf/lib/libdragon.a(cart.o)
                0x80016ba0                sc_card_wr_dram
 .text.ci_card_rd_dram
                0x80016e00      0x260 /n64_toolchain/mips64-elf/lib/libdragon.a(cart.o)
                0x80016e00                ci_card_rd_dram
 .text.ci_card_wr_dram
                0x80017060      0x260 /n64_toolchain/mips64-elf/lib/libdragon.a(cart.o)
                0x80017060                ci_card_wr_dram
 .text.sc_card_rd_cart
                0x800172c0      0x1c0 /n64_toolchain/mips64-elf/lib/libdragon.a(cart.o)
                0x800172c0                sc_card_rd_cart
 .text.__ed_sd_cmd
                0x80017480      0x2c0 /n64_toolchain/mips64-elf/lib/libdragon.a(cart.o)
 .text.ed_card_init
                0x80017740      0x420 /n64_toolchain/mips64-elf/lib/libdragon.a(cart.o)
                0x80017740                ed_card_init
 .text.__ed_sd_close
                0x80017b60      0x120 /n64_toolchain/mips64-elf/lib/libdragon.a(cart.o)
 .text.ed_card_rd_dram
                0x80017c80      0x200 /n64_toolchain/mips64-elf/lib/libdragon.a(cart.o)
                0x80017c80                ed_card_rd_dram
 .text.ed_card_rd_cart
                0x80017e80      0x2e0 /n64_toolchain/mips64-elf/lib/libdragon.a(cart.o)
                0x80017e80                ed_card_rd_cart
 .text.ed_card_wr_dram
                0x80018160      0x480 /n64_toolchain/mips64-elf/lib/libdragon.a(cart.o)
                0x80018160                ed_card_wr_dram
 .text.ci_card_rd_cart
                0x800185e0      0x240 /n64_toolchain/mips64-elf/lib/libdragon.a(cart.o)
                0x800185e0                ci_card_rd_cart
 .text.cart_init
                0x80018820       0xe0 /n64_toolchain/mips64-elf/lib/libdragon.a(cart.o)
                0x80018820                cart_init
 .text.cart_card_init
                0x80018900       0x40 /n64_toolchain/mips64-elf/lib/libdragon.a(cart.o)
                0x80018900                cart_card_init
 .text.cart_card_rd_dram
                0x80018940       0x40 /n64_toolchain/mips64-elf/lib/libdragon.a(cart.o)
                0x80018940                cart_card_rd_dram
 .text.cart_card_rd_cart
                0x80018980       0x40 /n64_toolchain/mips64-elf/lib/libdragon.a(cart.o)
                0x80018980                cart_card_rd_cart
 .text.cart_card_wr_dram
                0x800189c0       0x40 /n64_toolchain/mips64-elf/lib/libdragon.a(cart.o)
                0x800189c0                cart_card_wr_dram
 .text.ld_qword
                0x80018a00       0x80 /n64_toolchain/mips64-elf/lib/libdragon.a(ff.o)
 .text.tchar2uni
                0x80018a80      0x100 /n64_toolchain/mips64-elf/lib/libdragon.a(ff.o)
 .text.get_ldnumber
                0x80018b80       0x80 /n64_toolchain/mips64-elf/lib/libdragon.a(ff.o)
 .text.validate
                0x80018c00       0xa0 /n64_toolchain/mips64-elf/lib/libdragon.a(ff.o)
 .text.sync_window
                0x80018ca0       0xc0 /n64_toolchain/mips64-elf/lib/libdragon.a(ff.o)
 .text.put_utf  0x80018d60      0x180 /n64_toolchain/mips64-elf/lib/libdragon.a(ff.o)
 .text.get_fileinfo
                0x80018ee0      0x4a0 /n64_toolchain/mips64-elf/lib/libdragon.a(ff.o)
 .text.dir_clear
                0x80019380      0x100 /n64_toolchain/mips64-elf/lib/libdragon.a(ff.o)
 .text.init_alloc_info.isra.0
                0x80019480       0xc0 /n64_toolchain/mips64-elf/lib/libdragon.a(ff.o)
 .text.sync_fs  0x80019540      0x1a0 /n64_toolchain/mips64-elf/lib/libdragon.a(ff.o)
 .text.move_window
                0x800196e0       0xe0 /n64_toolchain/mips64-elf/lib/libdragon.a(ff.o)
 .text.change_bitmap
                0x800197c0      0x140 /n64_toolchain/mips64-elf/lib/libdragon.a(ff.o)
 .text.put_fat.part.0
                0x80019900      0x2e0 /n64_toolchain/mips64-elf/lib/libdragon.a(ff.o)
 .text.fill_last_frag
                0x80019be0       0xe0 /n64_toolchain/mips64-elf/lib/libdragon.a(ff.o)
 .text.fill_first_frag
                0x80019cc0       0xc0 /n64_toolchain/mips64-elf/lib/libdragon.a(ff.o)
 .text.get_fat  0x80019d80      0x300 /n64_toolchain/mips64-elf/lib/libdragon.a(ff.o)
 .text.dir_sdi  0x8001a080      0x200 /n64_toolchain/mips64-elf/lib/libdragon.a(ff.o)
 .text.remove_chain
                0x8001a280      0x2e0 /n64_toolchain/mips64-elf/lib/libdragon.a(ff.o)
 .text.create_chain
                0x8001a560      0x420 /n64_toolchain/mips64-elf/lib/libdragon.a(ff.o)
 .text.dir_next
                0x8001a980      0x1e0 /n64_toolchain/mips64-elf/lib/libdragon.a(ff.o)
 .text.dir_alloc
                0x8001ab60      0x1a0 /n64_toolchain/mips64-elf/lib/libdragon.a(ff.o)
 .text.dir_remove
                0x8001ad00      0x1e0 /n64_toolchain/mips64-elf/lib/libdragon.a(ff.o)
 .text.load_xdir
                0x8001aee0      0x2e0 /n64_toolchain/mips64-elf/lib/libdragon.a(ff.o)
 .text.store_xdir
                0x8001b1c0      0x1e0 /n64_toolchain/mips64-elf/lib/libdragon.a(ff.o)
 .text.dir_read.constprop.0
                0x8001b3a0      0x320 /n64_toolchain/mips64-elf/lib/libdragon.a(ff.o)
 .text.dir_find
                0x8001b6c0      0x4a0 /n64_toolchain/mips64-elf/lib/libdragon.a(ff.o)
 .text.follow_path
                0x8001bb60      0x6c0 /n64_toolchain/mips64-elf/lib/libdragon.a(ff.o)
 .text.check_fs
                0x8001c220      0x2e0 /n64_toolchain/mips64-elf/lib/libdragon.a(ff.o)
 .text.mount_volume
                0x8001c500      0xd40 /n64_toolchain/mips64-elf/lib/libdragon.a(ff.o)
 .text.dir_register
                0x8001d240      0x800 /n64_toolchain/mips64-elf/lib/libdragon.a(ff.o)
 .text.f_mount  0x8001da40       0xa0 /n64_toolchain/mips64-elf/lib/libdragon.a(ff.o)
                0x8001da40                f_mount
 .text.f_open   0x8001dae0      0x540 /n64_toolchain/mips64-elf/lib/libdragon.a(ff.o)
                0x8001dae0                f_open
 .text.f_read   0x8001e020      0x380 /n64_toolchain/mips64-elf/lib/libdragon.a(ff.o)
                0x8001e020                f_read
 .text.f_write  0x8001e3a0      0x420 /n64_toolchain/mips64-elf/lib/libdragon.a(ff.o)
                0x8001e3a0                f_write
 .text.f_sync   0x8001e7c0      0x320 /n64_toolchain/mips64-elf/lib/libdragon.a(ff.o)
                0x8001e7c0                f_sync
 .text.f_close  0x8001eae0       0x60 /n64_toolchain/mips64-elf/lib/libdragon.a(ff.o)
                0x8001eae0                f_close
 .text.f_lseek  0x8001eb40      0x380 /n64_toolchain/mips64-elf/lib/libdragon.a(ff.o)
                0x8001eb40                f_lseek
 .text.f_opendir
                0x8001eec0      0x1a0 /n64_toolchain/mips64-elf/lib/libdragon.a(ff.o)
                0x8001eec0                f_opendir
 .text.f_closedir
                0x8001f060       0x80 /n64_toolchain/mips64-elf/lib/libdragon.a(ff.o)
                0x8001f060                f_closedir
 .text.f_readdir
                0x8001f0e0       0xe0 /n64_toolchain/mips64-elf/lib/libdragon.a(ff.o)
                0x8001f0e0                f_readdir
 .text.f_unlink
                0x8001f1c0      0x1a0 /n64_toolchain/mips64-elf/lib/libdragon.a(ff.o)
                0x8001f1c0                f_unlink
 .text.ff_uni2oem
                0x8001f360       0x80 /n64_toolchain/mips64-elf/lib/libdragon.a(ffunicode.o)
                0x8001f360                ff_uni2oem
 .text.ff_oem2uni
                0x8001f3e0       0x60 /n64_toolchain/mips64-elf/lib/libdragon.a(ffunicode.o)
                0x8001f3e0                ff_oem2uni
 .text.ff_wtoupper
                0x8001f440      0x160 /n64_toolchain/mips64-elf/lib/libdragon.a(ffunicode.o)
                0x8001f440                ff_wtoupper
 .text.cb.2     0x8001f5a0       0x60 /n64_toolchain/mips64-elf/lib/libdragon.a(inspector.o)
 .text.cb.1     0x8001f600       0x60 /n64_toolchain/mips64-elf/lib/libdragon.a(inspector.o)
 .text.cb.0     0x8001f660      0x120 /n64_toolchain/mips64-elf/lib/libdragon.a(inspector.o)
 .text.cb.3     0x8001f780      0x120 /n64_toolchain/mips64-elf/lib/libdragon.a(inspector.o)
 .text.inspector_stdout
                0x8001f8a0      0x240 /n64_toolchain/mips64-elf/lib/libdragon.a(inspector.o)
 .text.title    0x8001fae0       0xa0 /n64_toolchain/mips64-elf/lib/libdragon.a(inspector.o)
 .text.mips_disasm
                0x8001fb80      0x6c0 /n64_toolchain/mips64-elf/lib/libdragon.a(inspector.o)
 .text.inspector
                0x80020240      0xba0 /n64_toolchain/mips64-elf/lib/libdragon.a(inspector.o)
 .text.handler.4
                0x80020de0       0x40 /n64_toolchain/mips64-elf/lib/libdragon.a(inspector.o)
 .text.__inspector_exception
                0x80020e20       0x20 /n64_toolchain/mips64-elf/lib/libdragon.a(inspector.o)
                0x80020e20                __inspector_exception
 .text.__inspector_assertion
                0x80020e40       0x20 /n64_toolchain/mips64-elf/lib/libdragon.a(inspector.o)
                0x80020e40                __inspector_assertion
 .text.startup.__inspector_init
                0x80020e60       0x20 /n64_toolchain/mips64-elf/lib/libdragon.a(inspector.o)
                0x80020e60                __inspector_init
 .text.dma_write_raw_async.part.0
                0x80020e80       0x40 /n64_toolchain/mips64-elf/lib/libdragon.a(dma.o)
 .text.io_accessible
                0x80020ec0       0x40 /n64_toolchain/mips64-elf/lib/libdragon.a(dma.o)
                0x80020ec0                io_accessible
 .text.dma_read_raw_async
                0x80020f00       0xa0 /n64_toolchain/mips64-elf/lib/libdragon.a(dma.o)
                0x80020f00                dma_read_raw_async
 .text.dma_write_raw_async
                0x80020fa0       0x80 /n64_toolchain/mips64-elf/lib/libdragon.a(dma.o)
                0x80020fa0                dma_write_raw_async
 .text.dma_read_async
                0x80021020      0x4e0 /n64_toolchain/mips64-elf/lib/libdragon.a(dma.o)
                0x80021020                dma_read_async
 .text.dma_wait
                0x80021500       0x20 /n64_toolchain/mips64-elf/lib/libdragon.a(dma.o)
                0x80021500                dma_wait
 .text.dma_read
                0x80021520       0x40 /n64_toolchain/mips64-elf/lib/libdragon.a(dma.o)
                0x80021520                dma_read
 .text.dma_write
                0x80021560       0xa0 /n64_toolchain/mips64-elf/lib/libdragon.a(dma.o)
                0x80021560                dma_write
 .text.io_read  0x80021600       0x60 /n64_toolchain/mips64-elf/lib/libdragon.a(dma.o)
                0x80021600                io_read
 .text.io_write
                0x80021660       0x60 /n64_toolchain/mips64-elf/lib/libdragon.a(dma.o)
                0x80021660                io_write
 .text.cb.0     0x800216c0       0x40 /n64_toolchain/mips64-elf/lib/libdragon.a(exception.o)
 .text.cb.1     0x80021700       0x80 /n64_toolchain/mips64-elf/lib/libdragon.a(exception.o)
 .text.is_unmapped_kx64
                0x80021780      0x1e0 /n64_toolchain/mips64-elf/lib/libdragon.a(exception.o)
 .text.__get_exception_name.isra.0
                0x80021960      0x200 /n64_toolchain/mips64-elf/lib/libdragon.a(exception.o)
 .text.__exception_dump_header
                0x80021b60      0x2a0 /n64_toolchain/mips64-elf/lib/libdragon.a(exception.o)
                0x80021b60                __exception_dump_header
 .text.__exception_dump_gpr
                0x80021e00      0x160 /n64_toolchain/mips64-elf/lib/libdragon.a(exception.o)
                0x80021e00                __exception_dump_gpr
 .text.__exception_dump_fpr
                0x80021f60      0x2a0 /n64_toolchain/mips64-elf/lib/libdragon.a(exception.o)
                0x80021f60                __exception_dump_fpr
 .text.exception_default_handler
                0x80022200      0x1a0 /n64_toolchain/mips64-elf/lib/libdragon.a(exception.o)
                0x80022200                exception_default_handler
 .text.__onCriticalException
                0x800223a0       0x60 /n64_toolchain/mips64-elf/lib/libdragon.a(exception.o)
                0x800223a0                __onCriticalException
 .text.register_syscall_handler
                0x80022400      0x1a0 /n64_toolchain/mips64-elf/lib/libdragon.a(exception.o)
                0x80022400                register_syscall_handler
 .text.__onSyscallException
                0x800225a0      0x140 /n64_toolchain/mips64-elf/lib/libdragon.a(exception.o)
                0x800225a0                __onSyscallException
 .text.__register_frame_info
                0x800226e0       0x20 /n64_toolchain/mips64-elf/lib/libdragon.a(do_ctors.o)
                0x800226e0                __register_frame_info
 .text.__wrap___do_global_ctors
                0x80022700       0xe0 /n64_toolchain/mips64-elf/lib/libdragon.a(do_ctors.o)
                0x80022700                __wrap___do_global_ctors
 .text.sys_bbplayer
                0x800227e0       0x20 /n64_toolchain/mips64-elf/lib/libdragon.a(n64sys.o)
                0x800227e0                sys_bbplayer
 .text.data_cache_hit_writeback
                0x80022800       0x60 /n64_toolchain/mips64-elf/lib/libdragon.a(n64sys.o)
                0x80022800                data_cache_hit_writeback
 .text.__data_cache_hit_invalidate
                0x80022860       0x60 /n64_toolchain/mips64-elf/lib/libdragon.a(n64sys.o)
                0x80022860                __data_cache_hit_invalidate
 .text.data_cache_hit_writeback_invalidate
                0x800228c0       0x60 /n64_toolchain/mips64-elf/lib/libdragon.a(n64sys.o)
                0x800228c0                data_cache_hit_writeback_invalidate
 .text.inst_cache_hit_invalidate
                0x80022920       0x60 /n64_toolchain/mips64-elf/lib/libdragon.a(n64sys.o)
                0x80022920                inst_cache_hit_invalidate
 .text.malloc_uncached_aligned
                0x80022980       0xc0 /n64_toolchain/mips64-elf/lib/libdragon.a(n64sys.o)
                0x80022980                malloc_uncached_aligned
 .text.free_uncached
                0x80022a40       0x20 /n64_toolchain/mips64-elf/lib/libdragon.a(n64sys.o)
                0x80022a40                free_uncached
 .text.get_memory_size
                0x80022a60       0x60 /n64_toolchain/mips64-elf/lib/libdragon.a(n64sys.o)
                0x80022a60                get_memory_size
 .text.get_tv_type
                0x80022ac0       0x20 /n64_toolchain/mips64-elf/lib/libdragon.a(n64sys.o)
                0x80022ac0                get_tv_type
 .text.get_ticks
                0x80022ae0       0x40 /n64_toolchain/mips64-elf/lib/libdragon.a(n64sys.o)
                0x80022ae0                get_ticks
 .text.wait_ms  0x80022b20       0x40 /n64_toolchain/mips64-elf/lib/libdragon.a(n64sys.o)
                0x80022b20                wait_ms
 .text.startup.__init_cop1
                0x80022b60       0x40 /n64_toolchain/mips64-elf/lib/libdragon.a(n64sys.o)
                0x80022b60                __init_cop1
 .text.__MI_handler
                0x80022ba0      0x220 /n64_toolchain/mips64-elf/lib/libdragon.a(interrupt.o)
                0x80022ba0                __MI_handler
 .text.__TI_handler
                0x80022dc0       0x60 /n64_toolchain/mips64-elf/lib/libdragon.a(interrupt.o)
                0x80022dc0                __TI_handler
 .text.__CART_handler
                0x80022e20       0xa0 /n64_toolchain/mips64-elf/lib/libdragon.a(interrupt.o)
                0x80022e20                __CART_handler
 .text.__RESET_handler
                0x80022ec0       0x60 /n64_toolchain/mips64-elf/lib/libdragon.a(interrupt.o)
                0x80022ec0                __RESET_handler
 .text.register_VI_handler
                0x80022f20       0x60 /n64_toolchain/mips64-elf/lib/libdragon.a(interrupt.o)
                0x80022f20                register_VI_handler
 .text.unregister_VI_handler
                0x80022f80       0x60 /n64_toolchain/mips64-elf/lib/libdragon.a(interrupt.o)
                0x80022f80                unregister_VI_handler
 .text.register_SI_handler
                0x80022fe0       0x60 /n64_toolchain/mips64-elf/lib/libdragon.a(interrupt.o)
                0x80022fe0                register_SI_handler
 .text.set_VI_interrupt
                0x80023040       0x40 /n64_toolchain/mips64-elf/lib/libdragon.a(interrupt.o)
                0x80023040                set_VI_interrupt
 .text.set_SI_interrupt
                0x80023080       0x20 /n64_toolchain/mips64-elf/lib/libdragon.a(interrupt.o)
                0x80023080                set_SI_interrupt
 .text.startup.__init_interrupts
                0x800230a0       0x40 /n64_toolchain/mips64-elf/lib/libdragon.a(interrupt.o)
                0x800230a0                __init_interrupts
 .text.disable_interrupts
                0x800230e0       0x40 /n64_toolchain/mips64-elf/lib/libdragon.a(interrupt.o)
                0x800230e0                disable_interrupts
 .text.enable_interrupts
                0x80023120       0x80 /n64_toolchain/mips64-elf/lib/libdragon.a(interrupt.o)
                0x80023120                enable_interrupts
 .text.cb.0     0x800231a0       0x40 /n64_toolchain/mips64-elf/lib/libdragon.a(backtrace.o)
 .text.symt_open
                0x800231e0      0x160 /n64_toolchain/mips64-elf/lib/libdragon.a(backtrace.o)
 .text.format_entry
                0x80023340      0x240 /n64_toolchain/mips64-elf/lib/libdragon.a(backtrace.o)
 .text.symt_addrtab_search
                0x80023580      0x1a0 /n64_toolchain/mips64-elf/lib/libdragon.a(backtrace.o)
 .text.__symbolize
                0x80023720      0x240 /n64_toolchain/mips64-elf/lib/libdragon.a(backtrace.o)
                0x80023720                __symbolize
 .text.__bt_analyze_func
                0x80023960      0x1c0 /n64_toolchain/mips64-elf/lib/libdragon.a(backtrace.o)
                0x80023960                __bt_analyze_func
 .text.backtrace_foreach
                0x80023b20      0x340 /n64_toolchain/mips64-elf/lib/libdragon.a(backtrace.o)
 .text.backtrace
                0x80023e60       0xc0 /n64_toolchain/mips64-elf/lib/libdragon.a(backtrace.o)
                0x80023e60                backtrace
 .text.backtrace_symbols_cb
                0x80023f20      0x300 /n64_toolchain/mips64-elf/lib/libdragon.a(backtrace.o)
                0x80023f20                backtrace_symbols_cb
 .text.backtrace_frame_print
                0x80024220       0xa0 /n64_toolchain/mips64-elf/lib/libdragon.a(backtrace.o)
                0x80024220                backtrace_frame_print
 .text.backtrace_frame_print_compact
                0x800242c0      0x140 /n64_toolchain/mips64-elf/lib/libdragon.a(backtrace.o)
                0x800242c0                backtrace_frame_print_compact
 .text.rompak_search_ext
                0x80024400      0x1e0 /n64_toolchain/mips64-elf/lib/libdragon.a(rompak.o)
                0x80024400                rompak_search_ext
 .text.__display_callback
                0x800245e0      0x160 /n64_toolchain/mips64-elf/lib/libdragon.a(display.o)
 .text.display_show.part.0
                0x80024740      0x1a0 /n64_toolchain/mips64-elf/lib/libdragon.a(display.o)
 .text.display_init
                0x800248e0      0x5e0 /n64_toolchain/mips64-elf/lib/libdragon.a(display.o)
                0x800248e0                display_init
 .text.display_close
                0x80024ec0      0x100 /n64_toolchain/mips64-elf/lib/libdragon.a(display.o)
                0x80024ec0                display_close
 .text.display_try_get
                0x80024fc0       0xc0 /n64_toolchain/mips64-elf/lib/libdragon.a(display.o)
                0x80024fc0                display_try_get
 .text.display_get
                0x80025080      0x100 /n64_toolchain/mips64-elf/lib/libdragon.a(display.o)
                0x80025080                display_get
 .text.display_show
                0x80025180       0x20 /n64_toolchain/mips64-elf/lib/libdragon.a(display.o)
                0x80025180                display_show
 .text.display_show_force
                0x800251a0       0x40 /n64_toolchain/mips64-elf/lib/libdragon.a(display.o)
                0x800251a0                display_show_force
 .text.display_get_bitdepth
                0x800251e0       0x20 /n64_toolchain/mips64-elf/lib/libdragon.a(display.o)
                0x800251e0                display_get_bitdepth
 .text.surface_alloc
                0x80025200       0xe0 /n64_toolchain/mips64-elf/lib/libdragon.a(surface.o)
                0x80025200                surface_alloc
 .text.surface_free
                0x800252e0       0x80 /n64_toolchain/mips64-elf/lib/libdragon.a(surface.o)
                0x800252e0                surface_free
 .text.controller_interrupt_update
                0x80025360       0x60 /n64_toolchain/mips64-elf/lib/libdragon.a(controller.o)
 .text.controller_interrupt
                0x800253c0       0x40 /n64_toolchain/mips64-elf/lib/libdragon.a(controller.o)
 .text.controller_init
                0x80025400       0xa0 /n64_toolchain/mips64-elf/lib/libdragon.a(controller.o)
                0x80025400                controller_init
 .text.controller_read
                0x800254a0       0x20 /n64_toolchain/mips64-elf/lib/libdragon.a(controller.o)
                0x800254a0                controller_read
 .text.graphics_draw_character.part.0
                0x800254c0      0x340 /n64_toolchain/mips64-elf/lib/libdragon.a(graphics.o)
 .text.graphics_set_color
                0x80025800       0x20 /n64_toolchain/mips64-elf/lib/libdragon.a(graphics.o)
                0x80025800                graphics_set_color
 .text.graphics_draw_box
                0x80025820      0x120 /n64_toolchain/mips64-elf/lib/libdragon.a(graphics.o)
                0x80025820                graphics_draw_box
 .text.graphics_fill_screen
                0x80025940       0x80 /n64_toolchain/mips64-elf/lib/libdragon.a(graphics.o)
                0x80025940                graphics_fill_screen
 .text.graphics_set_default_font
                0x800259c0       0x80 /n64_toolchain/mips64-elf/lib/libdragon.a(graphics.o)
                0x800259c0                graphics_set_default_font
 .text.graphics_draw_character
                0x80025a40       0x20 /n64_toolchain/mips64-elf/lib/libdragon.a(graphics.o)
                0x80025a40                graphics_draw_character
 .text.graphics_draw_text
                0x80025a60      0x120 /n64_toolchain/mips64-elf/lib/libdragon.a(graphics.o)
                0x80025a60                graphics_draw_text
 .text.rsp_load_code
                0x80025b80      0x100 /n64_toolchain/mips64-elf/lib/libdragon.a(rsp.o)
                0x80025b80                rsp_load_code
 .text.rsp_load_data
                0x80025c80       0xe0 /n64_toolchain/mips64-elf/lib/libdragon.a(rsp.o)
                0x80025c80                rsp_load_data
 .text.rsp_read_code
                0x80025d60       0xe0 /n64_toolchain/mips64-elf/lib/libdragon.a(rsp.o)
                0x80025d60                rsp_read_code
 .text.rsp_read_data
                0x80025e40       0xe0 /n64_toolchain/mips64-elf/lib/libdragon.a(rsp.o)
                0x80025e40                rsp_read_data
 .text.__rsp_crash
                0x80025f20      0xbe0 /n64_toolchain/mips64-elf/lib/libdragon.a(rsp.o)
                0x80025f20                __rsp_crash
 .text.__rsp_check_assert
                0x80026b00       0x80 /n64_toolchain/mips64-elf/lib/libdragon.a(rsp.o)
                0x80026b00                __rsp_check_assert
 .text.rsp_wait
                0x80026b80      0x100 /n64_toolchain/mips64-elf/lib/libdragon.a(rsp.o)
                0x80026b80                rsp_wait
 .text.rsp_run  0x80026c80       0x60 /n64_toolchain/mips64-elf/lib/libdragon.a(rsp.o)
                0x80026c80                rsp_run
 .text.__console_render.part.0
                0x80026ce0      0x100 /n64_toolchain/mips64-elf/lib/libdragon.a(console.o)
 .text.__console_write
                0x80026de0      0x320 /n64_toolchain/mips64-elf/lib/libdragon.a(console.o)
 .text.console_set_render_mode
                0x80027100       0x20 /n64_toolchain/mips64-elf/lib/libdragon.a(console.o)
                0x80027100                console_set_render_mode
 .text.console_init
                0x80027120       0xe0 /n64_toolchain/mips64-elf/lib/libdragon.a(console.o)
                0x80027120                console_init
 .text.console_render
                0x80027200       0x40 /n64_toolchain/mips64-elf/lib/libdragon.a(console.o)
                0x80027200                console_render
 .text.console_set_debug
                0x80027240       0x20 /n64_toolchain/mips64-elf/lib/libdragon.a(console.o)
                0x80027240                console_set_debug
 .text.joybus_msg_send
                0x80027260       0x80 /n64_toolchain/mips64-elf/lib/libdragon.a(joybus.o)
 .text.callback.0
                0x800272e0       0x80 /n64_toolchain/mips64-elf/lib/libdragon.a(joybus.o)
 .text.si_interrupt
                0x80027360      0x1a0 /n64_toolchain/mips64-elf/lib/libdragon.a(joybus.o)
 .text.startup.__joybus_init
                0x80027500       0x60 /n64_toolchain/mips64-elf/lib/libdragon.a(joybus.o)
                0x80027500                __joybus_init
 .text.joybus_exec_async
                0x80027560      0x1a0 /n64_toolchain/mips64-elf/lib/libdragon.a(joybus.o)
                0x80027560                joybus_exec_async
 .text.joybus_exec
                0x80027700      0x140 /n64_toolchain/mips64-elf/lib/libdragon.a(joybus.o)
                0x80027700                joybus_exec
 .text.__get_fs_link_by_name
                0x80027840       0xe0 /n64_toolchain/mips64-elf/lib/libdragonsys.a(system.o)
 .text.attach_filesystem
                0x80027920      0x200 /n64_toolchain/mips64-elf/lib/libdragonsys.a(system.o)
                0x80027920                attach_filesystem
 .text.close    0x80027b20       0xe0 /n64_toolchain/mips64-elf/lib/libdragonsys.a(system.o)
                0x80027b20                close
 .text._exit    0x80027c00       0x20 /n64_toolchain/mips64-elf/lib/libdragonsys.a(system.o)
                0x80027c00                _exit
 .text.fstat    0x80027c20      0x100 /n64_toolchain/mips64-elf/lib/libdragonsys.a(system.o)
                0x80027c20                fstat
 .text.getpid   0x80027d20       0x40 /n64_toolchain/mips64-elf/lib/libdragonsys.a(system.o)
                0x80027d20                getpid
 .text.gettimeofday
                0x80027d60       0x60 /n64_toolchain/mips64-elf/lib/libdragonsys.a(system.o)
                0x80027d60                gettimeofday
 .text.isatty   0x80027dc0       0x40 /n64_toolchain/mips64-elf/lib/libdragonsys.a(system.o)
                0x80027dc0                isatty
 .text.kill     0x80027e00       0x40 /n64_toolchain/mips64-elf/lib/libdragonsys.a(system.o)
                0x80027e00                kill
 .text.lseek    0x80027e40      0x100 /n64_toolchain/mips64-elf/lib/libdragonsys.a(system.o)
                0x80027e40                lseek
 .text.open     0x80027f40      0x2c0 /n64_toolchain/mips64-elf/lib/libdragonsys.a(system.o)
                0x80027f40                open
 .text.read     0x80028200      0x120 /n64_toolchain/mips64-elf/lib/libdragonsys.a(system.o)
                0x80028200                read
 .text.sbrk     0x80028320       0xc0 /n64_toolchain/mips64-elf/lib/libdragonsys.a(system.o)
                0x80028320                sbrk
 .text.write    0x800283e0      0x140 /n64_toolchain/mips64-elf/lib/libdragonsys.a(system.o)
                0x800283e0                write
 .text.hook_stdio_calls
                0x80028520       0x60 /n64_toolchain/mips64-elf/lib/libdragonsys.a(system.o)
                0x80028520                hook_stdio_calls
 .text._flush_cache
                0x80028580       0x40 /n64_toolchain/mips64-elf/lib/libdragonsys.a(system.o)
                0x80028580                _flush_cache
 .text.__assert_func
                0x800285c0       0x20 /n64_toolchain/mips64-elf/lib/libdragonsys.a(system.o)
                0x800285c0                __assert_func
 .text.init_subsystems
                0x800285e0       0x60 build/main.o
                0x800285e0                init_subsystems
 .text.startup.main
                0x80028640       0x40 build/main.o
                0x80028640                main
 .text.create_game
                0x80028680       0x60 build/game.o
                0x80028680                create_game
 .text.tick     0x800286e0       0x80 build/game.o
                0x800286e0                tick
 *(.init)
 .init          0x80028760        0x8 /n64_toolchain/lib/gcc/mips64-elf/14.1.0/crti.o
                0x80028760                _init
 *(.fini)
 .fini          0x80028768        0x8 /n64_toolchain/lib/gcc/mips64-elf/14.1.0/crti.o
                0x80028768                _fini
 *(.gnu.linkonce.t.*)
                0x80028770                        . = ALIGN (0x10)
                0x80028770                        __text_end = .

.eh_frame_hdr
 *(.eh_frame_hdr)

.eh_frame       0x80028770        0x4
                0x80028770                        __EH_FRAME_BEGIN__ = .
 *(.eh_frame)
 .eh_frame      0x80028770        0x0 /n64_toolchain/lib/gcc/mips64-elf/14.1.0/crtbegin.o
 .eh_frame      0x80028770        0x4 /n64_toolchain/lib/gcc/mips64-elf/14.1.0/crtend.o

.gcc_except_table
 *(.gcc_except_table*)

.jcr
 *(.jcr)

.rodata         0x80028778    0x10030
 *(.rdata)
 *(.rodata)
 .rodata        0x80028778        0xc /n64_toolchain/mips64-elf/lib/libdragon.a(ff.o)
 *fill*         0x80028784        0x4 
 .rodata        0x80028788      0x188 /n64_toolchain/lib/gcc/mips64-elf/14.1.0/../../../../mips64-elf/lib/libc.a(libc_a-vfprintf.o)
 .rodata        0x80028910      0x128 /n64_toolchain/lib/gcc/mips64-elf/14.1.0/../../../../mips64-elf/lib/libc.a(libc_a-mprec.o)
                0x80028920                __mprec_tinytens
                0x80028948                __mprec_bigtens
                0x80028970                __mprec_tens
 .rodata        0x80028a38      0x188 /n64_toolchain/lib/gcc/mips64-elf/14.1.0/../../../../mips64-elf/lib/libc.a(libc_a-svfprintf.o)
 .rodata        0x80028bc0       0x60 /n64_toolchain/lib/gcc/mips64-elf/14.1.0/../../../../mips64-elf/lib/libc.a(libc_a-month_lengths.o)
                0x80028bc0                __month_lengths
 .rodata        0x80028c20      0x288 /n64_toolchain/lib/gcc/mips64-elf/14.1.0/../../../../mips64-elf/lib/libc.a(libc_a-ctype_.o)
                0x80028c20                _ctype_
                0x80028d28                _ctype_b
 .rodata        0x80028ea8      0x2aa /n64_toolchain/lib/gcc/mips64-elf/14.1.0/../../../../mips64-elf/lib/libc.a(libc_a-svfiscanf.o)
 *(.rodata.*)
 *fill*         0x80029152        0x6 
 .rodata.cb.0.str1.8
                0x80029158     0x2833 /n64_toolchain/mips64-elf/lib/libdragon.a(debug.o)
                                 0x1d (size before relaxing)
 .rodata.debug_init_sdfs.str1.8
                0x8002b98b       0x24 /n64_toolchain/mips64-elf/lib/libdragon.a(debug.o)
 .rodata.debug_assert_func_f.str1.8
                0x8002b98b       0x45 /n64_toolchain/mips64-elf/lib/libdragon.a(debug.o)
 .rodata.__fresult_set_errno.str1.8
                0x8002b98b       0x3e /n64_toolchain/mips64-elf/lib/libdragon.a(debug.o)
 *fill*         0x8002b98b        0x1 
 .rodata.__fresult_set_errno
                0x8002b98c       0x50 /n64_toolchain/mips64-elf/lib/libdragon.a(debug.o)
 .rodata.debug_hexdump.str1.8
                0x8002b9dc       0x2b /n64_toolchain/mips64-elf/lib/libdragon.a(debug.o)
 .rodata.__debug_backtrace.str1.8
                0x8002b9dc        0xc /n64_toolchain/mips64-elf/lib/libdragon.a(debug.o)
 *fill*         0x8002b9dc        0x4 
 .rodata.__func__.3
                0x8002b9e0       0x14 /n64_toolchain/mips64-elf/lib/libdragon.a(debug.o)
 *fill*         0x8002b9f4        0x4 
 .rodata.fat_disk_sd
                0x8002b9f8       0x18 /n64_toolchain/mips64-elf/lib/libdragon.a(debug.o)
 .rodata.card_wr_dram.2
                0x8002ba10       0x10 /n64_toolchain/mips64-elf/lib/libdragon.a(cart.o)
 .rodata.card_rd_cart.3
                0x8002ba20       0x10 /n64_toolchain/mips64-elf/lib/libdragon.a(cart.o)
 .rodata.card_rd_dram.4
                0x8002ba30       0x10 /n64_toolchain/mips64-elf/lib/libdragon.a(cart.o)
 .rodata.card_init.5
                0x8002ba40       0x10 /n64_toolchain/mips64-elf/lib/libdragon.a(cart.o)
 .rodata.init.7
                0x8002ba50       0x10 /n64_toolchain/mips64-elf/lib/libdragon.a(cart.o)
 .rodata.follow_path.str1.8
                0x8002ba60       0x17 /n64_toolchain/mips64-elf/lib/libdragon.a(ff.o)
 .rodata.check_fs.str1.8
                0x8002ba60       0x19 /n64_toolchain/mips64-elf/lib/libdragon.a(ff.o)
 .rodata.ExCvt  0x8002ba60       0x80 /n64_toolchain/mips64-elf/lib/libdragon.a(ff.o)
 .rodata.LfnOfs
                0x8002bae0        0xd /n64_toolchain/mips64-elf/lib/libdragon.a(ff.o)
 *fill*         0x8002baed        0x3 
 .rodata.GUID_MS_Basic
                0x8002baf0       0x10 /n64_toolchain/mips64-elf/lib/libdragon.a(ff.o)
 .rodata.ff_wtoupper
                0x8002bb00       0x24 /n64_toolchain/mips64-elf/lib/libdragon.a(ffunicode.o)
 *fill*         0x8002bb24        0x4 
 .rodata.cvt2.0
                0x8002bb28       0xbc /n64_toolchain/mips64-elf/lib/libdragon.a(ffunicode.o)
 *fill*         0x8002bbe4        0x4 
 .rodata.cvt1.1
                0x8002bbe8      0x1f2 /n64_toolchain/mips64-elf/lib/libdragon.a(ffunicode.o)
 *fill*         0x8002bdda        0x6 
 .rodata.uc437  0x8002bde0      0x100 /n64_toolchain/mips64-elf/lib/libdragon.a(ffunicode.o)
 .rodata.cb.2.str1.8
                0x8002bee0       0x22 /n64_toolchain/mips64-elf/lib/libdragon.a(inspector.o)
 .rodata.cb.1.str1.8
                0x8002bee0        0xc /n64_toolchain/mips64-elf/lib/libdragon.a(inspector.o)
 .rodata.cb.0.str1.8
                0x8002bee0       0x27 /n64_toolchain/mips64-elf/lib/libdragon.a(inspector.o)
 .rodata.cb.3.str1.8
                0x8002bee0       0x2a /n64_toolchain/mips64-elf/lib/libdragon.a(inspector.o)
 .rodata.inspector_stdout
                0x8002bee0       0x54 /n64_toolchain/mips64-elf/lib/libdragon.a(inspector.o)
 .rodata.mips_disasm.str1.8
                0x8002bf34      0x1ce /n64_toolchain/mips64-elf/lib/libdragon.a(inspector.o)
 .rodata.mips_disasm
                0x8002bf34       0xc0 /n64_toolchain/mips64-elf/lib/libdragon.a(inspector.o)
 .rodata.inspector.str1.8
                0x8002bff4      0x20c /n64_toolchain/mips64-elf/lib/libdragon.a(inspector.o)
 .rodata.str1.8
                0x8002bff4      0x69b /n64_toolchain/mips64-elf/lib/libdragon.a(inspector.o)
 *fill*         0x8002bff4        0x4 
 .rodata.CSWTCH.118
                0x8002bff8       0x14 /n64_toolchain/mips64-elf/lib/libdragon.a(inspector.o)
 *fill*         0x8002c00c        0x4 
 .rodata.fpu_ops.7
                0x8002c010      0x100 /n64_toolchain/mips64-elf/lib/libdragon.a(inspector.o)
 .rodata.special.8
                0x8002c110      0x100 /n64_toolchain/mips64-elf/lib/libdragon.a(inspector.o)
 .rodata.ops.9  0x8002c210      0x100 /n64_toolchain/mips64-elf/lib/libdragon.a(inspector.o)
 .rodata.RESOLUTION_640x240
                0x8002c310        0xc /n64_toolchain/mips64-elf/lib/libdragon.a(inspector.o)
 .rodata.dma_write_raw_async.part.0.str1.8
                0x8002c31c       0x12 /n64_toolchain/mips64-elf/lib/libdragon.a(dma.o)
 .rodata.dma_read_async.str1.8
                0x8002c31c       0x8d /n64_toolchain/mips64-elf/lib/libdragon.a(dma.o)
 *fill*         0x8002c31c        0x4 
 .rodata.__func__.0
                0x8002c320        0xf /n64_toolchain/mips64-elf/lib/libdragon.a(dma.o)
 *fill*         0x8002c32f        0x1 
 .rodata.__func__.1
                0x8002c330       0x14 /n64_toolchain/mips64-elf/lib/libdragon.a(dma.o)
 *fill*         0x8002c344        0x4 
 .rodata.__func__.2
                0x8002c348       0x13 /n64_toolchain/mips64-elf/lib/libdragon.a(dma.o)
 .rodata.cb.0.str1.8
                0x8002c35b       0x17 /n64_toolchain/mips64-elf/lib/libdragon.a(exception.o)
 .rodata.cb.1.str1.8
                0x8002c35b       0x19 /n64_toolchain/mips64-elf/lib/libdragon.a(exception.o)
 .rodata.__get_exception_name.isra.0.str1.8
                0x8002c35b      0x285 /n64_toolchain/mips64-elf/lib/libdragon.a(exception.o)
 *fill*         0x8002c35b        0x1 
 .rodata.__get_exception_name.isra.0
                0x8002c35c       0x40 /n64_toolchain/mips64-elf/lib/libdragon.a(exception.o)
 .rodata.__exception_dump_header.str1.8
                0x8002c39c      0x110 /n64_toolchain/mips64-elf/lib/libdragon.a(exception.o)
 .rodata.__exception_dump_gpr.str1.8
                0x8002c39c       0x34 /n64_toolchain/mips64-elf/lib/libdragon.a(exception.o)
 .rodata.__exception_dump_fpr.str1.8
                0x8002c39c       0x3e /n64_toolchain/mips64-elf/lib/libdragon.a(exception.o)
 .rodata.exception_default_handler.str1.8
                0x8002c39c       0x3e /n64_toolchain/mips64-elf/lib/libdragon.a(exception.o)
 .rodata.register_syscall_handler.str1.8
                0x8002c39c      0x143 /n64_toolchain/mips64-elf/lib/libdragon.a(exception.o)
 *fill*         0x8002c39c        0x4 
 .rodata.__func__.2
                0x8002c3a0       0x19 /n64_toolchain/mips64-elf/lib/libdragon.a(exception.o)
 .rodata.str1.8
                0x8002c3b9      0x176 /n64_toolchain/mips64-elf/lib/libdragon.a(exception.o)
 *fill*         0x8002c3b9        0x7 
 .rodata.exceptionMap.3
                0x8002c3c0       0x80 /n64_toolchain/mips64-elf/lib/libdragon.a(exception.o)
 .rodata.__do_global_ctors.str1.8
                0x8002c440       0xa1 /n64_toolchain/mips64-elf/lib/libdragon.a(do_ctors.o)
 .rodata.__wrap___do_global_ctors.str1.8
                0x8002c440       0xbb /n64_toolchain/mips64-elf/lib/libdragon.a(do_ctors.o)
 .rodata.__func__.0
                0x8002c440       0x19 /n64_toolchain/mips64-elf/lib/libdragon.a(do_ctors.o)
 .rodata.malloc_uncached_aligned.str1.8
                0x8002c459       0x3d /n64_toolchain/mips64-elf/lib/libdragon.a(n64sys.o)
 *fill*         0x8002c459        0x7 
 .rodata.__func__.0
                0x8002c460       0x18 /n64_toolchain/mips64-elf/lib/libdragon.a(n64sys.o)
 .rodata.__CART_handler.str1.8
                0x8002c478       0x8a /n64_toolchain/mips64-elf/lib/libdragon.a(interrupt.o)
 .rodata.enable_interrupts.str1.8
                0x8002c478       0x3c /n64_toolchain/mips64-elf/lib/libdragon.a(interrupt.o)
 .rodata.__func__.0
                0x8002c478       0x12 /n64_toolchain/mips64-elf/lib/libdragon.a(interrupt.o)
 *fill*         0x8002c48a        0x6 
 .rodata.__func__.3
                0x8002c490        0xf /n64_toolchain/mips64-elf/lib/libdragon.a(interrupt.o)
 .rodata.symt_open.str1.8
                0x8002c49f       0xc3 /n64_toolchain/mips64-elf/lib/libdragon.a(backtrace.o)
 .rodata.format_entry.str1.8
                0x8002c49f       0x14 /n64_toolchain/mips64-elf/lib/libdragon.a(backtrace.o)
 .rodata.symt_addrtab_search.str1.8
                0x8002c49f       0x38 /n64_toolchain/mips64-elf/lib/libdragon.a(backtrace.o)
 .rodata.__symbolize.str1.8
                0x8002c49f       0x13 /n64_toolchain/mips64-elf/lib/libdragon.a(backtrace.o)
 .rodata.__bt_analyze_func.str1.8
                0x8002c49f       0x42 /n64_toolchain/mips64-elf/lib/libdragon.a(backtrace.o)
 .rodata.backtrace_foreach.str1.8
                0x8002c49f       0x81 /n64_toolchain/mips64-elf/lib/libdragon.a(backtrace.o)
 .rodata.backtrace_symbols_cb.str1.8
                0x8002c49f       0x22 /n64_toolchain/mips64-elf/lib/libdragon.a(backtrace.o)
 .rodata.backtrace_frame_print.str1.8
                0x8002c49f       0x35 /n64_toolchain/mips64-elf/lib/libdragon.a(backtrace.o)
 .rodata.backtrace_frame_print_compact.str1.8
                0x8002c49f       0x2a /n64_toolchain/mips64-elf/lib/libdragon.a(backtrace.o)
 *fill*         0x8002c49f        0x1 
 .rodata.__func__.2
                0x8002c4a0       0x13 /n64_toolchain/mips64-elf/lib/libdragon.a(backtrace.o)
 .rodata.rompak_search_ext.str1.8
                0x8002c4b3       0xb7 /n64_toolchain/mips64-elf/lib/libdragon.a(rompak.o)
 *fill*         0x8002c4b3        0x5 
 .rodata.__func__.0
                0x8002c4b8       0x12 /n64_toolchain/mips64-elf/lib/libdragon.a(rompak.o)
 .rodata.display_show.part.0.str1.8
                0x8002c4ca       0xf9 /n64_toolchain/mips64-elf/lib/libdragon.a(display.o)
 .rodata.display_init.str1.8
                0x8002c4ca      0x251 /n64_toolchain/mips64-elf/lib/libdragon.a(display.o)
 *fill*         0x8002c4ca        0x2 
 .rodata.display_init
                0x8002c4cc       0x14 /n64_toolchain/mips64-elf/lib/libdragon.a(display.o)
 .rodata.display_get.str1.8
                0x8002c4e0       0x1c /n64_toolchain/mips64-elf/lib/libdragon.a(display.o)
 .rodata.__func__.0
                0x8002c4e0        0xd /n64_toolchain/mips64-elf/lib/libdragon.a(display.o)
 *fill*         0x8002c4ed        0x3 
 .rodata.__func__.1
                0x8002c4f0        0xc /n64_toolchain/mips64-elf/lib/libdragon.a(display.o)
 *fill*         0x8002c4fc        0x4 
 .rodata.__func__.4
                0x8002c500        0xd /n64_toolchain/mips64-elf/lib/libdragon.a(display.o)
 *fill*         0x8002c50d        0x3 
 .rodata.vi_config_presets
                0x8002c510      0x150 /n64_toolchain/mips64-elf/lib/libdragon.a(display.o)
 .rodata.surface_alloc.str1.8
                0x8002c660       0x62 /n64_toolchain/mips64-elf/lib/libdragon.a(surface.o)
 .rodata.__func__.1
                0x8002c660        0xe /n64_toolchain/mips64-elf/lib/libdragon.a(surface.o)
 *fill*         0x8002c66e        0x2 
 .rodata.SI_read_con_block.8
                0x8002c670       0x40 /n64_toolchain/mips64-elf/lib/libdragon.a(controller.o)
 .rodata.SI_read_con_block.9
                0x8002c6b0       0x40 /n64_toolchain/mips64-elf/lib/libdragon.a(controller.o)
 .rodata.__font_data_32
                0x8002c6f0     0x8008 /n64_toolchain/mips64-elf/lib/libdragon.a(graphics.o)
 .rodata.__font_data_16
                0x800346f8     0x4008 /n64_toolchain/mips64-elf/lib/libdragon.a(graphics.o)
 .rodata.rsp_load_code.str1.8
                0x80038700       0x47 /n64_toolchain/mips64-elf/lib/libdragon.a(rsp.o)
 .rodata.rsp_load_data.str1.8
                0x80038700       0x17 /n64_toolchain/mips64-elf/lib/libdragon.a(rsp.o)
 .rodata.__rsp_crash.str1.8
                0x80038700      0x7ef /n64_toolchain/mips64-elf/lib/libdragon.a(rsp.o)
 .rodata.rsp_wait.str1.8
                0x80038700       0x1c /n64_toolchain/mips64-elf/lib/libdragon.a(rsp.o)
 .rodata.__func__.0
                0x80038700        0x9 /n64_toolchain/mips64-elf/lib/libdragon.a(rsp.o)
 *fill*         0x80038709        0x7 
 .rodata.__func__.1
                0x80038710        0xe /n64_toolchain/mips64-elf/lib/libdragon.a(rsp.o)
 *fill*         0x8003871e        0x2 
 .rodata.__func__.2
                0x80038720        0xe /n64_toolchain/mips64-elf/lib/libdragon.a(rsp.o)
 *fill*         0x8003872e        0x2 
 .rodata.__func__.3
                0x80038730        0xe /n64_toolchain/mips64-elf/lib/libdragon.a(rsp.o)
 *fill*         0x8003873e        0x2 
 .rodata.__func__.4
                0x80038740        0xe /n64_toolchain/mips64-elf/lib/libdragon.a(rsp.o)
 .rodata.str1.8
                0x8003874e        0xa /n64_toolchain/mips64-elf/lib/libdragon.a(rsp.o)
 *fill*         0x8003874e        0x2 
 .rodata.RESOLUTION_640x240
                0x80038750        0xc /n64_toolchain/mips64-elf/lib/libdragon.a(console.o)
 .rodata.joybus_msg_send.str1.8
                0x8003875c       0x55 /n64_toolchain/mips64-elf/lib/libdragon.a(joybus.o)
 .rodata.si_interrupt.str1.8
                0x8003875c       0x40 /n64_toolchain/mips64-elf/lib/libdragon.a(joybus.o)
 .rodata.joybus_exec_async.str1.8
                0x8003875c       0x4a /n64_toolchain/mips64-elf/lib/libdragon.a(joybus.o)
 *fill*         0x8003875c        0x4 
 .rodata.__func__.1
                0x80038760       0x12 /n64_toolchain/mips64-elf/lib/libdragon.a(joybus.o)
 *fill*         0x80038772        0x6 
 .rodata.__func__.2
                0x80038778       0x10 /n64_toolchain/mips64-elf/lib/libdragon.a(joybus.o)
 .rodata.__func__.3
                0x80038788       0x10 /n64_toolchain/mips64-elf/lib/libdragon.a(joybus.o)
 .rodata.__func__.4
                0x80038798        0xd /n64_toolchain/mips64-elf/lib/libdragon.a(joybus.o)
 .rodata.init_subsystems.str1.8
                0x800387a5       0x22 build/main.o
 .rodata.str1.8
                0x800387a5       0x5a /n64_toolchain/lib/gcc/mips64-elf/14.1.0/../../../../mips64-elf/lib/libc.a(libc_a-vfprintf.o)
 .rodata.str1.8
                0x800387a5       0x71 /n64_toolchain/lib/gcc/mips64-elf/14.1.0/../../../../mips64-elf/lib/libc.a(libc_a-dtoa.o)
 .rodata.str1.8
                0x800387a5        0x2 /n64_toolchain/lib/gcc/mips64-elf/14.1.0/../../../../mips64-elf/lib/libc.a(libc_a-puts.o)
 .rodata.str1.8
                0x800387a5       0x52 /n64_toolchain/lib/gcc/mips64-elf/14.1.0/../../../../mips64-elf/lib/libc.a(libc_a-mprec.o)
 .rodata.str1.8
                0x800387a5       0x1a /n64_toolchain/lib/gcc/mips64-elf/14.1.0/../../../../mips64-elf/lib/libc.a(libc_a-locale.o)
 .rodata.str1.8
                0x800387a5       0x5a /n64_toolchain/lib/gcc/mips64-elf/14.1.0/../../../../mips64-elf/lib/libc.a(libc_a-svfprintf.o)
 .rodata.str1.8
                0x800387a5        0x4 /n64_toolchain/lib/gcc/mips64-elf/14.1.0/../../../../mips64-elf/lib/libc.a(libc_a-tzvars.o)
 .rodata.str1.8
                0x800387a5       0x83 /n64_toolchain/lib/gcc/mips64-elf/14.1.0/../../../../mips64-elf/lib/libc.a(libc_a-tzset_r.o)
 .rodata.str1.8
                0x800387a5        0x1 /n64_toolchain/lib/gcc/mips64-elf/14.1.0/../../../../mips64-elf/lib/libc.a(libc_a-mbrtowc.o)
 *(.gnu.linkonce.r.*)
                0x80038828                        . = ALIGN (0x8)
 *fill*         0x800387a5        0x3 

.MIPS.abiflags  0x800387a8       0x18
 .MIPS.abiflags
                0x800387a8       0x18 /n64_toolchain/lib/gcc/mips64-elf/14.1.0/crti.o

.rel.dyn        0x800387c0        0x0
 .rel.dyn       0x800387c0        0x0 /n64_toolchain/mips64-elf/lib/libdragon.a(inspector.o)
                0x800387c0                        . = ALIGN (0x4)

.ctors          0x800387c0       0x18
                0x800387c0                        __CTOR_LIST__ = .
 *(.ctors)
 .ctors         0x800387c0        0x4 /n64_toolchain/lib/gcc/mips64-elf/14.1.0/crtbegin.o
 .ctors         0x800387c4        0x4 /n64_toolchain/mips64-elf/lib/libdragon.a(inspector.o)
 .ctors         0x800387c8        0x4 /n64_toolchain/mips64-elf/lib/libdragon.a(n64sys.o)
 .ctors         0x800387cc        0x4 /n64_toolchain/mips64-elf/lib/libdragon.a(interrupt.o)
 .ctors         0x800387d0        0x4 /n64_toolchain/mips64-elf/lib/libdragon.a(joybus.o)
 .ctors         0x800387d4        0x4 /n64_toolchain/lib/gcc/mips64-elf/14.1.0/crtend.o
                0x800387d8                        __CTOR_END__ = .
                0x800387d8                        . = ALIGN (0x8)

.data           0x800387d8      0xa98
                0x800387d8                        __data_start = .
 *(.data)
 .data          0x800387d8      0x1c4 /n64_toolchain/mips64-elf/lib/libdragon.a(rsp_crash.o)
                0x800387d8                rsp_crash_text_start
                0x80038998                rsp_crash_data_start
                0x80038998                rsp_crash_text_end
                0x8003899c                rsp_crash_data_end
 *fill*         0x8003899c        0x4 
 .data          0x800389a0      0x120 /n64_toolchain/lib/gcc/mips64-elf/14.1.0/../../../../mips64-elf/lib/libc.a(libc_a-impure.o)
                0x800389a0                _impure_data
 .data          0x80038ac0      0x408 /n64_toolchain/lib/gcc/mips64-elf/14.1.0/../../../../mips64-elf/lib/libc.a(libc_a-mallocr.o)
                0x80038ac0                __malloc_av_
 .data          0x80038ec8        0xc /n64_toolchain/lib/gcc/mips64-elf/14.1.0/../../../../mips64-elf/lib/libc.a(libc_a-findfp.o)
                0x80038ec8                __sglue
 *fill*         0x80038ed4        0x4 
 .data          0x80038ed8      0x16c /n64_toolchain/lib/gcc/mips64-elf/14.1.0/../../../../mips64-elf/lib/libc.a(libc_a-locale.o)
                0x80038ed8                __global_locale
 *fill*         0x80039044        0x4 
 .data          0x80039048       0x58 /n64_toolchain/lib/gcc/mips64-elf/14.1.0/../../../../mips64-elf/lib/libc.a(libc_a-gettzinfo.o)
 *(.data.*)
 .data.fat_fs   0x800390a0       0x24 /n64_toolchain/mips64-elf/lib/libdragon.a(debug.o)
 *fill*         0x800390c4        0x4 
 .data.__mips_fpreg
                0x800390c8       0x80 /n64_toolchain/mips64-elf/lib/libdragon.a(inspector.o)
                0x800390c8                __mips_fpreg
 .data.__mips_gpr
                0x80039148       0x88 /n64_toolchain/mips64-elf/lib/libdragon.a(inspector.o)
                0x80039148                __mips_gpr
 .data.rsp_crash
                0x800391d0       0x20 /n64_toolchain/mips64-elf/lib/libdragon.a(rsp.o)
                0x800391d0                rsp_crash
 .data.handle_map
                0x800391f0       0x80 /n64_toolchain/mips64-elf/lib/libdragonsys.a(system.o)
 *(.gnu.linkonce.d.*)
                0x80039270                        . = ALIGN (0x8)

.sdata          0x80039270       0xc8
                0x80041270                        _gp = (. + 0x8000)
 *(.sdata)
 .sdata         0x80039270       0x10 /n64_toolchain/mips64-elf/lib/libdragon.a(exception.o)
 .sdata         0x80039280        0x8 /n64_toolchain/lib/gcc/mips64-elf/14.1.0/../../../../mips64-elf/lib/libc.a(libc_a-vfprintf.o)
 .sdata         0x80039288        0x4 /n64_toolchain/lib/gcc/mips64-elf/14.1.0/../../../../mips64-elf/lib/libc.a(libc_a-impure.o)
                0x80039288                _impure_ptr
 .sdata         0x8003928c        0x8 /n64_toolchain/lib/gcc/mips64-elf/14.1.0/../../../../mips64-elf/lib/libc.a(libc_a-mallocr.o)
                0x8003928c                __malloc_sbrk_base
                0x80039290                __malloc_trim_threshold
 *fill*         0x80039294        0x4 
 .sdata         0x80039298       0x48 /n64_toolchain/lib/gcc/mips64-elf/14.1.0/../../../../mips64-elf/lib/libc.a(libc_a-dtoa.o)
 .sdata         0x800392e0       0x10 /n64_toolchain/lib/gcc/mips64-elf/14.1.0/../../../../mips64-elf/lib/libc.a(libc_a-mprec.o)
 .sdata         0x800392f0        0x8 /n64_toolchain/lib/gcc/mips64-elf/14.1.0/../../../../mips64-elf/lib/libc.a(libc_a-svfprintf.o)
 .sdata         0x800392f8        0x8 /n64_toolchain/lib/gcc/mips64-elf/14.1.0/../../../../mips64-elf/lib/libc.a(libc_a-tzvars.o)
                0x800392f8                _tzname
 .sdata         0x80039300        0x4 /n64_toolchain/lib/gcc/mips64-elf/14.1.0/../../../../mips64-elf/lib/libc.a(libc_a-environ.o)
                0x80039300                environ
 *(.sdata.*)
 .sdata.usb_readblock
                0x80039304        0x4 /n64_toolchain/mips64-elf/lib/libdragon.a(usb.o)
 .sdata.cart_type
                0x80039308        0x4 /n64_toolchain/mips64-elf/lib/libdragon.a(cart.o)
                0x80039308                cart_type
 .sdata.first_backtrace
                0x8003930c        0x1 /n64_toolchain/mips64-elf/lib/libdragon.a(inspector.o)
 *fill*         0x8003930d        0x3 
 .sdata.fpr_show_mode
                0x80039310        0x4 /n64_toolchain/mips64-elf/lib/libdragon.a(inspector.o)
 .sdata.__exception_handler
                0x80039314        0x4 /n64_toolchain/mips64-elf/lib/libdragon.a(exception.o)
 .sdata.__bootcic
                0x80039318        0x4 /n64_toolchain/mips64-elf/lib/libdragon.a(n64sys.o)
                0x80039318                __bootcic
 .sdata.__interrupt_depth
                0x8003931c        0x4 /n64_toolchain/mips64-elf/lib/libdragon.a(interrupt.o)
 .sdata.SYMT_ROM
                0x80039320        0x4 /n64_toolchain/mips64-elf/lib/libdragon.a(backtrace.o)
 .sdata.now_showing
                0x80039324        0x4 /n64_toolchain/mips64-elf/lib/libdragon.a(display.o)
 .sdata.__buffers
                0x80039328        0x4 /n64_toolchain/mips64-elf/lib/libdragon.a(display.o)
 .sdata.f_color
                0x8003932c        0x4 /n64_toolchain/mips64-elf/lib/libdragon.a(graphics.o)
 .sdata.console_redirect_debug
                0x80039330        0x1 /n64_toolchain/mips64-elf/lib/libdragon.a(console.o)
 *fill*         0x80039331        0x3 
 .sdata.handle_buckets_count
                0x80039334        0x4 /n64_toolchain/mips64-elf/lib/libdragonsys.a(system.o)
 *(.gnu.linkonce.s.*)
                0x80039338                        . = ALIGN (0x8)

.lit8           0x80039338        0x0
 *(.lit8)
                0x80039338                        . = ALIGN (0x8)

.lit4           0x80039338        0x0
 *(.lit4)
                0x80039338                        . = ALIGN (0x8)
                0x80039338                        . = ALIGN (0x8)
                0x80039338                        __data_end = .
                0x80039338                        . = ALIGN (0x8)
                0x80039338                        __rom_end = .

.sbss           0x80039338      0x150
                0x80039338                        __bss_start = .
 *(.sbss)
 .sbss          0x80039338        0x4 /n64_toolchain/mips64-elf/lib/libdragon.a(inthandler.o)
 .sbss          0x8003933c        0xc /n64_toolchain/lib/gcc/mips64-elf/14.1.0/../../../../mips64-elf/lib/libc.a(libc_a-mallocr.o)
                0x8003933c                __malloc_max_total_mem
                0x80039340                __malloc_max_sbrked_mem
                0x80039344                __malloc_top_pad
 .sbss          0x80039348        0x4 /n64_toolchain/lib/gcc/mips64-elf/14.1.0/../../../../mips64-elf/lib/libc.a(libc_a-findfp.o)
                0x80039348                __stdio_exit_handler
 .sbss          0x8003934c        0x8 /n64_toolchain/lib/gcc/mips64-elf/14.1.0/../../../../mips64-elf/lib/libc.a(libc_a-tzvars.o)
                0x8003934c                _timezone
                0x80039350                _daylight
 .sbss          0x80039354        0x4 /n64_toolchain/lib/gcc/mips64-elf/14.1.0/../../../../mips64-elf/lib/libc.a(libc_a-reent.o)
                0x80039354                errno
 .sbss          0x80039358        0x4 /n64_toolchain/lib/gcc/mips64-elf/14.1.0/../../../../mips64-elf/lib/libc.a(libc_a-tzset_r.o)
 *fill*         0x8003935c        0x4 
 .sbss          0x80039360        0x4 /n64_toolchain/lib/gcc/mips64-elf/14.1.0/../../../../mips64-elf/lib/libc.a(libc_a-environ.o)
 *(.sbss.*)
 .sbss.ok.1     0x80039364        0x1 /n64_toolchain/mips64-elf/lib/libdragon.a(debug.o)
 .sbss.once.2   0x80039365        0x1 /n64_toolchain/mips64-elf/lib/libdragon.a(debug.o)
 .sbss.in_write.4
                0x80039366        0x1 /n64_toolchain/mips64-elf/lib/libdragon.a(debug.o)
 .sbss.once.5   0x80039367        0x1 /n64_toolchain/mips64-elf/lib/libdragon.a(debug.o)
 .sbss.ok.6     0x80039368        0x1 /n64_toolchain/mips64-elf/lib/libdragon.a(debug.o)
 .sbss.once.7   0x80039369        0x1 /n64_toolchain/mips64-elf/lib/libdragon.a(debug.o)
 *fill*         0x8003936a        0x6 
 .sbss.sdfs_logic_drive
                0x80039370        0x3 /n64_toolchain/mips64-elf/lib/libdragon.a(debug.o)
 *fill*         0x80039373        0x1 
 .sbss.sdlog_file
                0x80039374        0x4 /n64_toolchain/mips64-elf/lib/libdragon.a(debug.o)
 .sbss.enabled_features
                0x80039378        0x4 /n64_toolchain/mips64-elf/lib/libdragon.a(debug.o)
 .sbss.usb_dataleft
                0x8003937c        0x4 /n64_toolchain/mips64-elf/lib/libdragon.a(usb.o)
 .sbss.usb_datasize
                0x80039380        0x4 /n64_toolchain/mips64-elf/lib/libdragon.a(usb.o)
 .sbss.usb_datatype
                0x80039384        0x4 /n64_toolchain/mips64-elf/lib/libdragon.a(usb.o)
 .sbss.usb_didtimeout
                0x80039388        0x1 /n64_toolchain/mips64-elf/lib/libdragon.a(usb.o)
 *fill*         0x80039389        0x3 
 .sbss.usb_buffer
                0x8003938c        0x4 /n64_toolchain/mips64-elf/lib/libdragon.a(usb.o)
 .sbss.usb_cart
                0x80039390        0x1 /n64_toolchain/mips64-elf/lib/libdragon.a(usb.o)
 *fill*         0x80039391        0x3 
 .sbss.funcPointer_read
                0x80039394        0x4 /n64_toolchain/mips64-elf/lib/libdragon.a(usb.o)
                0x80039394                funcPointer_read
 .sbss.funcPointer_poll
                0x80039398        0x4 /n64_toolchain/mips64-elf/lib/libdragon.a(usb.o)
                0x80039398                funcPointer_poll
 .sbss.funcPointer_write
                0x8003939c        0x4 /n64_toolchain/mips64-elf/lib/libdragon.a(usb.o)
                0x8003939c                funcPointer_write
 .sbss.mode.0   0x800393a0        0x4 /n64_toolchain/mips64-elf/lib/libdragon.a(cart.o)
 .sbss.cart_card_byteswap
                0x800393a4        0x1 /n64_toolchain/mips64-elf/lib/libdragon.a(cart.o)
                0x800393a4                cart_card_byteswap
 .sbss.__sd_flag
                0x800393a5        0x1 /n64_toolchain/mips64-elf/lib/libdragon.a(cart.o)
 .sbss.__sd_type
                0x800393a6        0x1 /n64_toolchain/mips64-elf/lib/libdragon.a(cart.o)
 .sbss.__sd_cfg
                0x800393a7        0x1 /n64_toolchain/mips64-elf/lib/libdragon.a(cart.o)
 .sbss.cart_size
                0x800393a8        0x4 /n64_toolchain/mips64-elf/lib/libdragon.a(cart.o)
                0x800393a8                cart_size
 .sbss.__cart_dom2
                0x800393ac        0x4 /n64_toolchain/mips64-elf/lib/libdragon.a(cart.o)
 .sbss.__cart_dom1
                0x800393b0        0x4 /n64_toolchain/mips64-elf/lib/libdragon.a(cart.o)
 .sbss.__cart_dom2_rel
                0x800393b4        0x4 /n64_toolchain/mips64-elf/lib/libdragon.a(cart.o)
 .sbss.__cart_dom1_rel
                0x800393b8        0x4 /n64_toolchain/mips64-elf/lib/libdragon.a(cart.o)
 .sbss.Fsid     0x800393bc        0x2 /n64_toolchain/mips64-elf/lib/libdragon.a(ff.o)
 *fill*         0x800393be        0x2 
 .sbss.FatFs    0x800393c0        0x4 /n64_toolchain/mips64-elf/lib/libdragon.a(ff.o)
 .sbss.backtrace.5
                0x800393c4        0x1 /n64_toolchain/mips64-elf/lib/libdragon.a(inspector.o)
 .sbss.in_inspector.6
                0x800393c5        0x1 /n64_toolchain/mips64-elf/lib/libdragon.a(inspector.o)
 *fill*         0x800393c6        0x2 
 .sbss.disasm_offset
                0x800393c8        0x4 /n64_toolchain/mips64-elf/lib/libdragon.a(inspector.o)
 .sbss.disasm_max_frames
                0x800393cc        0x4 /n64_toolchain/mips64-elf/lib/libdragon.a(inspector.o)
 .sbss.disasm_bt_idx
                0x800393d0        0x4 /n64_toolchain/mips64-elf/lib/libdragon.a(inspector.o)
 .sbss.disp     0x800393d4        0x4 /n64_toolchain/mips64-elf/lib/libdragon.a(inspector.o)
 .sbss.cursor_wordwrap
                0x800393d8        0x4 /n64_toolchain/mips64-elf/lib/libdragon.a(inspector.o)
 .sbss.cursor_columns
                0x800393dc        0x4 /n64_toolchain/mips64-elf/lib/libdragon.a(inspector.o)
 .sbss.cursor_y
                0x800393e0        0x4 /n64_toolchain/mips64-elf/lib/libdragon.a(inspector.o)
 .sbss.cursor_x
                0x800393e4        0x4 /n64_toolchain/mips64-elf/lib/libdragon.a(inspector.o)
 .sbss.backtrace_exception.4
                0x800393e8        0x1 /n64_toolchain/mips64-elf/lib/libdragon.a(exception.o)
 *fill*         0x800393e9        0x7 
 .sbss.ticks64_base
                0x800393f0        0x8 /n64_toolchain/mips64-elf/lib/libdragon.a(n64sys.o)
 .sbss.ticks64_base_tick
                0x800393f8        0x4 /n64_toolchain/mips64-elf/lib/libdragon.a(n64sys.o)
 .sbss.__bbplayer
                0x800393fc        0x4 /n64_toolchain/mips64-elf/lib/libdragon.a(n64sys.o)
                0x800393fc                __bbplayer
 .sbss.last_cart_interrupt_count.4
                0x80039400        0x4 /n64_toolchain/mips64-elf/lib/libdragon.a(interrupt.o)
 .sbss.__prenmi_tick
                0x80039404        0x4 /n64_toolchain/mips64-elf/lib/libdragon.a(interrupt.o)
 .sbss.CART_callback
                0x80039408        0x4 /n64_toolchain/mips64-elf/lib/libdragon.a(interrupt.o)
                0x80039408                CART_callback
 .sbss.TI_callback
                0x8003940c        0x4 /n64_toolchain/mips64-elf/lib/libdragon.a(interrupt.o)
                0x8003940c                TI_callback
 .sbss.SP_callback
                0x80039410        0x4 /n64_toolchain/mips64-elf/lib/libdragon.a(interrupt.o)
                0x80039410                SP_callback
 .sbss.SI_callback
                0x80039414        0x4 /n64_toolchain/mips64-elf/lib/libdragon.a(interrupt.o)
                0x80039414                SI_callback
 .sbss.DP_callback
                0x80039418        0x4 /n64_toolchain/mips64-elf/lib/libdragon.a(interrupt.o)
                0x80039418                DP_callback
 .sbss.PI_callback
                0x8003941c        0x4 /n64_toolchain/mips64-elf/lib/libdragon.a(interrupt.o)
                0x8003941c                PI_callback
 .sbss.VI_callback
                0x80039420        0x4 /n64_toolchain/mips64-elf/lib/libdragon.a(interrupt.o)
                0x80039420                VI_callback
 .sbss.AI_callback
                0x80039424        0x4 /n64_toolchain/mips64-elf/lib/libdragon.a(interrupt.o)
                0x80039424                AI_callback
 .sbss.__interrupt_sr
                0x80039428        0x4 /n64_toolchain/mips64-elf/lib/libdragon.a(interrupt.o)
 .sbss.rompak_corrupted.1
                0x8003942c        0x1 /n64_toolchain/mips64-elf/lib/libdragon.a(rompak.o)
 *fill*         0x8003942d        0x3 
 .sbss.frame_times_duration
                0x80039430        0x4 /n64_toolchain/mips64-elf/lib/libdragon.a(display.o)
 .sbss.frame_times_index
                0x80039434        0x4 /n64_toolchain/mips64-elf/lib/libdragon.a(display.o)
 .sbss.ready_mask
                0x80039438        0x4 /n64_toolchain/mips64-elf/lib/libdragon.a(display.o)
 .sbss.drawing_mask
                0x8003943c        0x4 /n64_toolchain/mips64-elf/lib/libdragon.a(display.o)
 .sbss.__height
                0x80039440        0x4 /n64_toolchain/mips64-elf/lib/libdragon.a(display.o)
 .sbss.__width  0x80039444        0x4 /n64_toolchain/mips64-elf/lib/libdragon.a(display.o)